Component: ARM Compiler 5.06 update 6 (build 750) Tool: armlink [4d35ed]

==============================================================================

Section Cross References

    startup_stm32f405xx.o(RESET) refers to startup_stm32f405xx.o(STACK) for __initial_sp
    startup_stm32f405xx.o(RESET) refers to startup_stm32f405xx.o(.text) for Reset_Handler
    startup_stm32f405xx.o(RESET) refers to stm32f4xx_it.o(i.NMI_Handler) for NMI_Handler
    startup_stm32f405xx.o(RESET) refers to stm32f4xx_it.o(i.HardFault_Handler) for HardFault_Handler
    startup_stm32f405xx.o(RESET) refers to stm32f4xx_it.o(i.MemManage_Handler) for MemManage_Handler
    startup_stm32f405xx.o(RESET) refers to stm32f4xx_it.o(i.BusFault_Handler) for BusFault_Handler
    startup_stm32f405xx.o(RESET) refers to stm32f4xx_it.o(i.UsageFault_Handler) for UsageFault_Handler
    startup_stm32f405xx.o(RESET) refers to stm32f4xx_it.o(i.SVC_Handler) for SVC_Handler
    startup_stm32f405xx.o(RESET) refers to stm32f4xx_it.o(i.DebugMon_Handler) for DebugMon_Handler
    startup_stm32f405xx.o(RESET) refers to stm32f4xx_it.o(i.PendSV_Handler) for PendSV_Handler
    startup_stm32f405xx.o(RESET) refers to stm32f4xx_it.o(i.SysTick_Handler) for SysTick_Handler
    startup_stm32f405xx.o(RESET) refers to stm32f4xx_it.o(i.USART1_IRQHandler) for USART1_IRQHandler
    startup_stm32f405xx.o(RESET) refers to stm32f4xx_it.o(i.USART2_IRQHandler) for USART2_IRQHandler
    startup_stm32f405xx.o(RESET) refers to stm32f4xx_it.o(i.TIM6_DAC_IRQHandler) for TIM6_DAC_IRQHandler
    startup_stm32f405xx.o(.text) refers to system_stm32f4xx.o(i.SystemInit) for SystemInit
    startup_stm32f405xx.o(.text) refers to entry.o(.ARM.Collect$$$$00000000) for __main
    system_stm32f4xx.o(i.SystemCoreClockUpdate) refers to system_stm32f4xx.o(.data) for SystemCoreClock
    system_stm32f4xx.o(i.SystemCoreClockUpdate) refers to system_stm32f4xx.o(.constdata) for AHBPrescTable
    stm32f4xx_hal_pwr.o(i.HAL_PWR_PVD_IRQHandler) refers to stm32f4xx_hal_pwr.o(i.HAL_PWR_PVDCallback) for HAL_PWR_PVDCallback
    stm32f4xx_hal_flash.o(i.FLASH_SetErrorCode) refers to stm32f4xx_hal_flash.o(.bss) for pFlash
    stm32f4xx_hal_flash.o(i.FLASH_WaitForLastOperation) refers to stm32f4xx_hal.o(i.HAL_GetTick) for HAL_GetTick
    stm32f4xx_hal_flash.o(i.FLASH_WaitForLastOperation) refers to stm32f4xx_hal_flash.o(i.FLASH_SetErrorCode) for FLASH_SetErrorCode
    stm32f4xx_hal_flash.o(i.FLASH_WaitForLastOperation) refers to stm32f4xx_hal_flash.o(.bss) for pFlash
    stm32f4xx_hal_flash.o(i.HAL_FLASH_GetError) refers to stm32f4xx_hal_flash.o(.bss) for pFlash
    stm32f4xx_hal_flash.o(i.HAL_FLASH_IRQHandler) refers to stm32f4xx_hal_flash.o(i.FLASH_SetErrorCode) for FLASH_SetErrorCode
    stm32f4xx_hal_flash.o(i.HAL_FLASH_IRQHandler) refers to stm32f4xx_hal_flash.o(i.HAL_FLASH_OperationErrorCallback) for HAL_FLASH_OperationErrorCallback
    stm32f4xx_hal_flash.o(i.HAL_FLASH_IRQHandler) refers to stm32f4xx_hal_flash.o(i.HAL_FLASH_EndOfOperationCallback) for HAL_FLASH_EndOfOperationCallback
    stm32f4xx_hal_flash.o(i.HAL_FLASH_IRQHandler) refers to stm32f4xx_hal_flash_ex.o(i.FLASH_Erase_Sector) for FLASH_Erase_Sector
    stm32f4xx_hal_flash.o(i.HAL_FLASH_IRQHandler) refers to stm32f4xx_hal_flash_ex.o(i.FLASH_FlushCaches) for FLASH_FlushCaches
    stm32f4xx_hal_flash.o(i.HAL_FLASH_IRQHandler) refers to stm32f4xx_hal_flash.o(.bss) for pFlash
    stm32f4xx_hal_flash.o(i.HAL_FLASH_OB_Launch) refers to stm32f4xx_hal_flash.o(i.FLASH_WaitForLastOperation) for FLASH_WaitForLastOperation
    stm32f4xx_hal_flash.o(i.HAL_FLASH_Program) refers to stm32f4xx_hal_flash.o(i.FLASH_WaitForLastOperation) for FLASH_WaitForLastOperation
    stm32f4xx_hal_flash.o(i.HAL_FLASH_Program) refers to stm32f4xx_hal_flash.o(i.FLASH_Program_Byte) for FLASH_Program_Byte
    stm32f4xx_hal_flash.o(i.HAL_FLASH_Program) refers to stm32f4xx_hal_flash.o(i.FLASH_Program_HalfWord) for FLASH_Program_HalfWord
    stm32f4xx_hal_flash.o(i.HAL_FLASH_Program) refers to stm32f4xx_hal_flash.o(i.FLASH_Program_Word) for FLASH_Program_Word
    stm32f4xx_hal_flash.o(i.HAL_FLASH_Program) refers to stm32f4xx_hal_flash.o(i.FLASH_Program_DoubleWord) for FLASH_Program_DoubleWord
    stm32f4xx_hal_flash.o(i.HAL_FLASH_Program) refers to stm32f4xx_hal_flash.o(.bss) for pFlash
    stm32f4xx_hal_flash.o(i.HAL_FLASH_Program_IT) refers to stm32f4xx_hal_flash.o(i.FLASH_Program_Byte) for FLASH_Program_Byte
    stm32f4xx_hal_flash.o(i.HAL_FLASH_Program_IT) refers to stm32f4xx_hal_flash.o(i.FLASH_Program_HalfWord) for FLASH_Program_HalfWord
    stm32f4xx_hal_flash.o(i.HAL_FLASH_Program_IT) refers to stm32f4xx_hal_flash.o(i.FLASH_Program_Word) for FLASH_Program_Word
    stm32f4xx_hal_flash.o(i.HAL_FLASH_Program_IT) refers to stm32f4xx_hal_flash.o(i.FLASH_Program_DoubleWord) for FLASH_Program_DoubleWord
    stm32f4xx_hal_flash.o(i.HAL_FLASH_Program_IT) refers to stm32f4xx_hal_flash.o(.bss) for pFlash
[...]
    Removing stm32f4xx_hal_tim_ex.o(i.HAL_TIMEx_PWMN_Start_DMA), (280 bytes).
    Removing stm32f4xx_hal_tim_ex.o(i.HAL_TIMEx_PWMN_Start_IT), (132 bytes).
    Removing stm32f4xx_hal_tim_ex.o(i.HAL_TIMEx_PWMN_Stop), (96 bytes).
    Removing stm32f4xx_hal_tim_ex.o(i.HAL_TIMEx_PWMN_Stop_DMA), (178 bytes).
    Removing stm32f4xx_hal_tim_ex.o(i.HAL_TIMEx_PWMN_Stop_IT), (196 bytes).
    Removing stm32f4xx_hal_tim_ex.o(i.HAL_TIMEx_RemapConfig), (48 bytes).
    Removing stm32f4xx_hal_tim_ex.o(i.TIMEx_DMACommutationCplt), (20 bytes).
    Removing stm32f4xx_hal_tim_ex.o(i.TIM_CCxNChannelCmd), (28 bytes).
    Removing stm32f4xx_hal_cortex.o(.rev16_text), (4 bytes).
    Removing stm32f4xx_hal_cortex.o(.revsh_text), (4 bytes).
    Removing stm32f4xx_hal_cortex.o(.rrx_text), (6 bytes).
    Removing stm32f4xx_hal_cortex.o(i.HAL_MPU_ConfigRegion), (92 bytes).
    Removing stm32f4xx_hal_cortex.o(i.HAL_MPU_Disable), (44 bytes).
    Removing stm32f4xx_hal_cortex.o(i.HAL_MPU_Enable), (64 bytes).
    Removing stm32f4xx_hal_cortex.o(i.HAL_NVIC_ClearPendingIRQ), (28 bytes).
    Removing stm32f4xx_hal_cortex.o(i.HAL_NVIC_DisableIRQ), (28 bytes).
    Removing stm32f4xx_hal_cortex.o(i.HAL_NVIC_GetActive), (40 bytes).
    Removing stm32f4xx_hal_cortex.o(i.HAL_NVIC_GetPendingIRQ), (40 bytes).
    Removing stm32f4xx_hal_cortex.o(i.HAL_NVIC_GetPriority), (148 bytes).
    Removing stm32f4xx_hal_cortex.o(i.HAL_NVIC_GetPriorityGrouping), (8 bytes).
    Removing stm32f4xx_hal_cortex.o(i.HAL_NVIC_SetPendingIRQ), (28 bytes).
    Removing stm32f4xx_hal_cortex.o(i.HAL_NVIC_SystemReset), (68 bytes).
    Removing gpio.o(.rev16_text), (4 bytes).
    Removing gpio.o(.revsh_text), (4 bytes).
    Removing gpio.o(.rrx_text), (6 bytes).
    Removing stm32f4xx_hal_msp.o(.rev16_text), (4 bytes).
    Removing stm32f4xx_hal_msp.o(.revsh_text), (4 bytes).
    Removing stm32f4xx_hal_msp.o(.rrx_text), (6 bytes).
    Removing main.o(.rev16_text), (4 bytes).
    Removing main.o(.revsh_text), (4 bytes).
    Removing main.o(.rrx_text), (6 bytes).
    Removing tim.o(.rev16_text), (4 bytes).
    Removing tim.o(.revsh_text), (4 bytes).
    Removing tim.o(.rrx_text), (6 bytes).
    Removing tim.o(i.HAL_TIM_Base_MspDeInit), (40 bytes).
    Removing stm32f4xx_it.o(.rev16_text), (4 bytes).
    Removing stm32f4xx_it.o(.revsh_text), (4 bytes).
    Removing stm32f4xx_it.o(.rrx_text), (6 bytes).
    Removing usart.o(.rev16_text), (4 bytes).
    Removing usart.o(.revsh_text), (4 bytes).
    Removing usart.o(.rrx_text), (6 bytes).
    Removing usart.o(i.HAL_UART_MspDeInit), (100 bytes).
    Removing ad5722.o(.rev16_text), (4 bytes).
    Removing ad5722.o(.revsh_text), (4 bytes).
    Removing ad5722.o(.rrx_text), (6 bytes).
    Removing ad5722.o(i.AD5722_Test), (2 bytes).
    Removing ads1115.o(.rev16_text), (4 bytes).
    Removing ads1115.o(.revsh_text), (4 bytes).
    Removing ads1115.o(.rrx_text), (6 bytes).
    Removing ads1115.o(i.ADS1x15_Init), (2 bytes).
    Removing ads1115.o(.data), (8 bytes).
    Removing myiic.o(.rev16_text), (4 bytes).
    Removing myiic.o(.revsh_text), (4 bytes).
    Removing myiic.o(.rrx_text), (6 bytes).
    Removing myiic.o(i.IIC_Init), (24 bytes).
    Removing myiic.o(i.IIC_NAck), (80 bytes).
    Removing sys.o(.rev16_text), (4 bytes).
    Removing sys.o(.revsh_text), (4 bytes).
    Removing sys.o(.rrx_text), (6 bytes).
    Removing sys.o(.emb_text), (16 bytes).
    Removing sys.o(i.Stm32_Clock_Init), (176 bytes).
    Removing protocol_1.o(.rev16_text), (4 bytes).
    Removing protocol_1.o(.revsh_text), (4 bytes).
    Removing protocol_1.o(.rrx_text), (6 bytes).
    Removing wave.o(.rev16_text), (4 bytes).
    Removing wave.o(.revsh_text), (4 bytes).
    Removing wave.o(.rrx_text), (6 bytes).
    Removing task.o(.rev16_text), (4 bytes).
    Removing task.o(.revsh_text), (4 bytes).
    Removing task.o(.rrx_text), (6 bytes).
    Removing task.o(i.TaskIdle), (10 bytes).
    Removing dneg.o(.text), (6 bytes).

397 unused section(s) (total 30670 bytes) removed from the image.

==============================================================================

Image Symbol Table

    Local Symbols

    Symbol Name                              Value     Ov Type        Size  Object(Section)

    ..//Src/system_stm32f4xx.c               0x00000000   Number         0  system_stm32f4xx.o ABSOLUTE
    ../Drivers/STM32F4xx_HAL_Driver/Src/stm32f4xx_hal.c 0x00000000   Number         0  stm32f4xx_hal.o ABSOLUTE
    ../Drivers/STM32F4xx_HAL_Driver/Src/stm32f4xx_hal_cortex.c 0x00000000   Number         0  stm32f4xx_hal_cortex.o ABSOLUTE
    ../Drivers/STM32F4xx_HAL_Driver/Src/stm32f4xx_hal_dma.c 0x00000000   Number         0  stm32f4xx_hal_dma.o ABSOLUTE
    ../Drivers/STM32F4xx_HAL_Driver/Src/stm32f4xx_hal_dma_ex.c 0x00000000   Number         0  stm32f4xx_hal_dma_ex.o ABSOLUTE
    ../Drivers/STM32F4xx_HAL_Driver/Src/stm32f4xx_hal_flash.c 0x00000000   Number         0  stm32f4xx_hal_flash.o ABSOLUTE
    ../Drivers/STM32F4xx_HAL_Driver/Src/stm32f4xx_hal_flash_ex.c 0x00000000   Number         0  stm32f4xx_hal_flash_ex.o ABSOLUTE
    ../Drivers/STM32F4xx_HAL_Driver/Src/stm32f4xx_hal_flash_ramfunc.c 0x00000000   Number         0  stm32f4xx_hal_flash_ramfunc.o ABSOLUTE
    ../Drivers/STM32F4xx_HAL_Driver/Src/stm32f4xx_hal_gpio.c 0x00000000   Number         0  stm32f4xx_hal_gpio.o ABSOLUTE
    ../Drivers/STM32F4xx_HAL_Driver/Src/stm32f4xx_hal_pwr.c 0x00000000   Number         0  stm32f4xx_hal_pwr.o ABSOLUTE
    ../Drivers/STM32F4xx_HAL_Driver/Src/stm32f4xx_hal_pwr_ex.c 0x00000000   Number         0  stm32f4xx_hal_pwr_ex.o ABSOLUTE
    ../Drivers/STM32F4xx_HAL_Driver/Src/stm32f4xx_hal_rcc.c 0x00000000   Number         0  stm32f4xx_hal_rcc.o ABSOLUTE
    ../Drivers/STM32F4xx_HAL_Driver/Src/stm32f4xx_hal_rcc_ex.c 0x00000000   Number         0  stm32f4xx_hal_rcc_ex.o ABSOLUTE
    ../Drivers/STM32F4xx_HAL_Driver/Src/stm32f4xx_hal_tim.c 0x00000000   Number         0  stm32f4xx_hal_tim.o ABSOLUTE
    ../Drivers/STM32F4xx_HAL_Driver/Src/stm32f4xx_hal_tim_ex.c 0x00000000   Number         0  stm32f4xx_hal_tim_ex.o ABSOLUTE
    ../Drivers/STM32F4xx_HAL_Driver/Src/stm32f4xx_hal_uart.c 0x00000000   Number         0  stm32f4xx_hal_uart.o ABSOLUTE
    ../Src/gpio.c                            0x00000000   Number         0  gpio.o ABSOLUTE
    ../Src/main.c                            0x00000000   Number         0  main.o ABSOLUTE
    ../Src/stm32f4xx_hal_msp.c               0x00000000   Number         0  stm32f4xx_hal_msp.o ABSOLUTE
    ../Src/stm32f4xx_it.c                    0x00000000   Number         0  stm32f4xx_it.o ABSOLUTE
    ../Src/tim.c                             0x00000000   Number         0  tim.o ABSOLUTE
    ../Src/usart.c                           0x00000000   Number         0  usart.o ABSOLUTE
    ../clib/microlib/division.c              0x00000000   Number         0  uidiv.o ABSOLUTE
    ../clib/microlib/division.c              0x00000000   Number         0  uldiv.o ABSOLUTE
    ../clib/microlib/errno.c                 0x00000000   Number         0  errno.o ABSOLUTE
    ../clib/microlib/init/entry.s            0x00000000   Number         0  entry2.o ABSOLUTE
    ../clib/microlib/init/entry.s            0x00000000   Number         0  entry9a.o ABSOLUTE
    ../clib/microlib/init/entry.s            0x00000000   Number         0  entry8a.o ABSOLUTE
    ../clib/microlib/init/entry.s            0x00000000   Number         0  entry11a.o ABSOLUTE
    ../clib/microlib/init/entry.s            0x00000000   Number         0  entry10b.o ABSOLUTE
    ../clib/microlib/init/entry.s            0x00000000   Number         0  entry5.o ABSOLUTE
    ../clib/microlib/init/entry.s            0x00000000   Number         0  entry8b.o ABSOLUTE
    ../clib/microlib/init/entry.s            0x00000000   Number         0  entry9b.o ABSOLUTE
    ../clib/microlib/init/entry.s            0x00000000   Number         0  entry10a.o ABSOLUTE
    ../clib/microlib/init/entry.s            0x00000000   Number         0  entry11b.o ABSOLUTE
    ../clib/microlib/init/entry.s            0x00000000   Number         0  entry7a.o ABSOLUTE
    ../clib/microlib/init/entry.s            0x00000000   Number         0  entry7b.o ABSOLUTE
    ../clib/microlib/init/entry.s            0x00000000   Number         0  entry.o ABSOLUTE
    ../clib/microlib/longlong.c              0x00000000   Number         0  llushr.o ABSOLUTE
    ../clib/microlib/longlong.c              0x00000000   Number         0  llsshr.o ABSOLUTE
    ../clib/microlib/longlong.c              0x00000000   Number         0  llshl.o ABSOLUTE
    ../clib/microlib/printf/printf.c         0x00000000   Number         0  printf6.o ABSOLUTE
    ../clib/microlib/printf/printf.c         0x00000000   Number         0  printf5.o ABSOLUTE
    ../clib/microlib/printf/printf.c         0x00000000   Number         0  printf4.o ABSOLUTE
    ../clib/microlib/printf/printf.c         0x00000000   Number         0  printf3.o ABSOLUTE
    ../clib/microlib/printf/printf.c         0x00000000   Number         0  printfa.o ABSOLUTE
    ../clib/microlib/printf/printf.c         0x00000000   Number         0  printf1.o ABSOLUTE
    ../clib/microlib/printf/printf.c         0x00000000   Number         0  printf0.o ABSOLUTE
    ../clib/microlib/printf/printf.c         0x00000000   Number         0  printfb.o ABSOLUTE
    ../clib/microlib/printf/printf.c         0x00000000   Number         0  printf8.o ABSOLUTE
    ../clib/microlib/printf/printf.c         0x00000000   Number         0  printf7.o ABSOLUTE
    ../clib/microlib/printf/printf.c         0x00000000   Number         0  printf2.o ABSOLUTE
    ../clib/microlib/printf/stubs.s          0x00000000   Number         0  stubs.o ABSOLUTE
    ../clib/microlib/stdio/streams.c         0x00000000   Number         0  stdout.o ABSOLUTE
    ../clib/microlib/stubs.s                 0x00000000   Number         0  iusefp.o ABSOLUTE
    ../fplib/microlib/fpadd.c                0x00000000   Number         0  dadd.o ABSOLUTE
    ../fplib/microlib/fpdiv.c                0x00000000   Number         0  ddiv.o ABSOLUTE
    ../fplib/microlib/fpepilogue.c           0x00000000   Number         0  depilogue.o ABSOLUTE
    ../fplib/microlib/fpfix.c                0x00000000   Number         0  dfixui.o ABSOLUTE
    ../fplib/microlib/fpfix.c                0x00000000   Number         0  dfixi.o ABSOLUTE
    ../fplib/microlib/fpfix.c                0x00000000   Number         0  dfixul.o ABSOLUTE
    ../fplib/microlib/fpflt.c                0x00000000   Number         0  dfltui.o ABSOLUTE
    ../fplib/microlib/fpflt.c                0x00000000   Number         0  dflti.o ABSOLUTE
    ../fplib/microlib/fpmul.c                0x00000000   Number         0  dmul.o ABSOLUTE
    ../fplib/microlib/fpneg.c                0x00000000   Number         0  dneg.o ABSOLUTE
    ../mathlib/cos_i.c                       0x00000000   Number         0  cos_i.o ABSOLUTE
    ../mathlib/dunder.c                      0x00000000   Number         0  dunder.o ABSOLUTE
    ../mathlib/fabs.c                        0x00000000   Number         0  fabs.o ABSOLUTE
    ../mathlib/fpclassify.c                  0x00000000   Number         0  fpclassify.o ABSOLUTE
    ../mathlib/poly.c                        0x00000000   Number         0  poly.o ABSOLUTE
    ../mathlib/rred.c                        0x00000000   Number         0  rred.o ABSOLUTE
    ../mathlib/sin.c                         0x00000000   Number         0  sin.o ABSOLUTE
    ../mathlib/sin.c                         0x00000000   Number         0  sin_x.o ABSOLUTE
    ../mathlib/sin_i.c                       0x00000000   Number         0  sin_i.o ABSOLUTE
    ../mathlib/sin_i.c                       0x00000000   Number         0  sin_i_x.o ABSOLUTE
    ..\Drivers\STM32F4xx_HAL_Driver\Src\stm32f4xx_hal.c 0x00000000   Number         0  stm32f4xx_hal.o ABSOLUTE
    ..\Drivers\STM32F4xx_HAL_Driver\Src\stm32f4xx_hal_cortex.c 0x00000000   Number         0  stm32f4xx_hal_cortex.o ABSOLUTE
    ..\Drivers\STM32F4xx_HAL_Driver\Src\stm32f4xx_hal_dma.c 0x00000000   Number         0  stm32f4xx_hal_dma.o ABSOLUTE
    ..\Drivers\STM32F4xx_HAL_Driver\Src\stm32f4xx_hal_dma_ex.c 0x00000000   Number         0  stm32f4xx_hal_dma_ex.o ABSOLUTE
    ..\Drivers\STM32F4xx_HAL_Driver\Src\stm32f4xx_hal_flash.c 0x00000000   Number         0  stm32f4xx_hal_flash.o ABSOLUTE
    ..\Drivers\STM32F4xx_HAL_Driver\Src\stm32f4xx_hal_flash_ex.c 0x00000000   Number         0  stm32f4xx_hal_flash_ex.o ABSOLUTE
    ..\Drivers\STM32F4xx_HAL_Driver\Src\stm32f4xx_hal_flash_ramfunc.c 0x00000000   Number         0  stm32f4xx_hal_flash_ramfunc.o ABSOLUTE
    ..\Drivers\STM32F4xx_HAL_Driver\Src\stm32f4xx_hal_gpio.c 0x00000000   Number         0  stm32f4xx_hal_gpio.o ABSOLUTE
    ..\Drivers\STM32F4xx_HAL_Driver\Src\stm32f4xx_hal_pwr.c 0x00000000   Number         0  stm32f4xx_hal_pwr.o ABSOLUTE
    ..\Drivers\STM32F4xx_HAL_Driver\Src\stm32f4xx_hal_pwr_ex.c 0x00000000   Number         0  stm32f4xx_hal_pwr_ex.o ABSOLUTE
    ..\Drivers\STM32F4xx_HAL_Driver\Src\stm32f4xx_hal_rcc.c 0x00000000   Number         0  stm32f4xx_hal_rcc.o ABSOLUTE
    ..\Drivers\STM32F4xx_HAL_Driver\Src\stm32f4xx_hal_rcc_ex.c 0x00000000   Number         0  stm32f4xx_hal_rcc_ex.o ABSOLUTE
    ..\Drivers\STM32F4xx_HAL_Driver\Src\stm32f4xx_hal_tim.c 0x00000000   Number         0  stm32f4xx_hal_tim.o ABSOLUTE
    ..\Drivers\STM32F4xx_HAL_Driver\Src\stm32f4xx_hal_tim_ex.c 0x00000000   Number         0  stm32f4xx_hal_tim_ex.o ABSOLUTE
    ..\Drivers\STM32F4xx_HAL_Driver\Src\stm32f4xx_hal_uart.c 0x00000000   Number         0  stm32f4xx_hal_uart.o ABSOLUTE
    ..\Other\protocol.c                      0x00000000   Number         0  protocol_1.o ABSOLUTE
    ..\Other\task.c                          0x00000000   Number         0  task.o ABSOLUTE
    ..\Other\wave.c                          0x00000000   Number         0  wave.o ABSOLUTE
    ..\Peripheral\AD5722.c                   0x00000000   Number         0  ad5722.o ABSOLUTE
    ..\Peripheral\ADS1115.c                  0x00000000   Number         0  ads1115.o ABSOLUTE
    ..\Peripheral\myiic.c                    0x00000000   Number         0  myiic.o ABSOLUTE
    ..\Peripheral\sys.c                      0x00000000   Number         0  sys.o ABSOLUTE
    ..\Src\gpio.c                            0x00000000   Number         0  gpio.o ABSOLUTE
    ..\Src\main.c                            0x00000000   Number         0  main.o ABSOLUTE
    ..\Src\stm32f4xx_hal_msp.c               0x00000000   Number         0  stm32f4xx_hal_msp.o ABSOLUTE
    ..\Src\stm32f4xx_it.c                    0x00000000   Number         0  stm32f4xx_it.o ABSOLUTE
    ..\Src\tim.c                             0x00000000   Number         0  tim.o ABSOLUTE
    ..\Src\usart.c                           0x00000000   Number         0  usart.o ABSOLUTE
    ..\\Other\\protocol.c                    0x00000000   Number         0  protocol_1.o ABSOLUTE
    ..\\Other\\task.c                        0x00000000   Number         0  task.o ABSOLUTE
    ..\\Other\\wave.c                        0x00000000   Number         0  wave.o ABSOLUTE
    ..\\Peripheral\\AD5722.c                 0x00000000   Number         0  ad5722.o ABSOLUTE
    ..\\Peripheral\\ADS1115.c                0x00000000   Number         0  ads1115.o ABSOLUTE
    ..\\Peripheral\\myiic.c                  0x00000000   Number         0  myiic.o ABSOLUTE
    ..\\Peripheral\\sys.c                    0x00000000   Number         0  sys.o ABSOLUTE
    ..\\Src\system_stm32f4xx.c               0x00000000   Number         0  system_stm32f4xx.o ABSOLUTE
    cdcmple.s                                0x00000000   Number         0  cdcmple.o ABSOLUTE
    cdrcmple.s                               0x00000000   Number         0  cdrcmple.o ABSOLUTE
    dc.s                                     0x00000000   Number         0  dc.o ABSOLUTE
    handlers.s                               0x00000000   Number         0  handlers.o ABSOLUTE
    init.s                                   0x00000000   Number         0  init.o ABSOLUTE
    startup_stm32f405xx.s                    0x00000000   Number         0  startup_stm32f405xx.o ABSOLUTE
    RESET                                    0x08000000   Section      392  startup_stm32f405xx.o(RESET)
    .ARM.Collect$$$$00000000                 0x08000188   Section        0  entry.o(.ARM.Collect$$$$00000000)
    .ARM.Collect$$$$00000001                 0x08000188   Section        4  entry2.o(.ARM.Collect$$$$00000001)
    .ARM.Collect$$$$00000004                 0x0800018c   Section        4  entry5.o(.ARM.Collect$$$$00000004)
    .ARM.Collect$$$$00000008                 0x08000190   Section        0  entry7b.o(.ARM.Collect$$$$00000008)
    .ARM.Collect$$$$0000000A                 0x08000190   Section        0  entry8b.o(.ARM.Collect$$$$0000000A)
    .ARM.Collect$$$$0000000B                 0x08000190   Section        8  entry9a.o(.ARM.Collect$$$$0000000B)
    .ARM.Collect$$$$0000000D                 0x08000198   Section        0  entry10a.o(.ARM.Collect$$$$0000000D)
    .ARM.Collect$$$$0000000F                 0x08000198   Section        0  entry11a.o(.ARM.Collect$$$$0000000F)
    .ARM.Collect$$$$00002712                 0x08000198   Section        4  entry2.o(.ARM.Collect$$$$00002712)
    __lit__00000000                          0x08000198   Data           4  entry2.o(.ARM.Collect$$$$00002712)
    .text                                    0x0800019c   Section       36  startup_stm32f405xx.o(.text)
    $v0                                      0x0800019c   Number         0  startup_stm32f405xx.o(.text)
    .text                                    0x080001c0   Section        0  uldiv.o(.text)
    .text                                    0x08000222   Section        0  dadd.o(.text)
    .text                                    0x08000370   Section        0  dmul.o(.text)
    .text                                    0x08000454   Section        0  ddiv.o(.text)
    .text                                    0x08000532   Section        0  dflti.o(.text)
    .text                                    0x08000554   Section        0  dfltui.o(.text)
    .text                                    0x0800056e   Section        0  dfixui.o(.text)
    .text                                    0x080005a0   Section       48  cdcmple.o(.text)
    .text                                    0x080005d0   Section       48  cdrcmple.o(.text)
    .text                                    0x08000600   Section        0  uidiv.o(.text)
    .text                                    0x0800062c   Section        0  llshl.o(.text)
    .text                                    0x0800064a   Section        0  llushr.o(.text)
    .text                                    0x0800066a   Section        0  llsshr.o(.text)
    .text                                    0x0800068e   Section        0  depilogue.o(.text)
    .text                                    0x0800068e   Section        0  iusefp.o(.text)
    .text                                    0x08000748   Section        0  dfixul.o(.text)
    .text                                    0x08000778   Section       36  init.o(.text)
    .text                                    0x0800079c   Section        0  dfixi.o(.text)
    i.AD5722_AlwaysLoadDAC                   0x080007dc   Section        0  ad5722.o(i.AD5722_AlwaysLoadDAC)
    i.AD5722_ClearOutValue                   0x080007f8   Section        0  ad5722.o(i.AD5722_ClearOutValue)
    i.AD5722_DataFormatTransfer              0x08000828   Section        0  ad5722.o(i.AD5722_DataFormatTransfer)
    i.AD5722_Delay_ns                        0x08000960   Section        0  ad5722.o(i.AD5722_Delay_ns)
    i.AD5722_Init                            0x0800096c   Section        0  ad5722.o(i.AD5722_Init)
    i.AD5722_Output                          0x080009d0   Section        0  ad5722.o(i.AD5722_Output)
    i.AD5722_ReadBack                        0x080009fe   Section        0  ad5722.o(i.AD5722_ReadBack)
    i.AD5722_ReadData                        0x08000a18   Section        0  ad5722.o(i.AD5722_ReadData)
    i.AD5722_SendData                        0x08000aa4   Section        0  ad5722.o(i.AD5722_SendData)
    i.AD5722_SetRange                        0x08000b28   Section        0  ad5722.o(i.AD5722_SetRange)
    i.ADS1x15_Config                         0x08000b3c   Section        0  ads1115.o(i.ADS1x15_Config)
    i.ADS1x15_Delay_ms                       0x08000b54   Section        0  ads1115.o(i.ADS1x15_Delay_ms)
    i.ADS1x15_GetValue                       0x08000b70   Section        0  ads1115.o(i.ADS1x15_GetValue)
    i.ADS1x15_ReadData                       0x08000b8c   Section        0  ads1115.o(i.ADS1x15_ReadData)
    i.ADS1x15_WriteData                      0x08000c20   Section        0  ads1115.o(i.ADS1x15_WriteData)
    i.BusFault_Handler                       0x08000cac   Section        0  stm32f4xx_it.o(i.BusFault_Handler)
    i.DealUART1Buff                          0x08000cb0   Section        0  protocol_1.o(i.DealUART1Buff)
    i.DebugMon_Handler                       0x080010b4   Section        0  stm32f4xx_it.o(i.DebugMon_Handler)
    i.HAL_DMA_Abort_IT                       0x080010b6   Section        0  stm32f4xx_hal_dma.o(i.HAL_DMA_Abort_IT)
    i.HAL_Delay                              0x080010e0   Section        0  stm32f4xx_hal.o(i.HAL_Delay)
    i.HAL_GPIO_Init                          0x08001108   Section        0  stm32f4xx_hal_gpio.o(i.HAL_GPIO_Init)
    i.HAL_GPIO_ReadPin                       0x08001308   Section        0  stm32f4xx_hal_gpio.o(i.HAL_GPIO_ReadPin)
    i.HAL_GPIO_TogglePin                     0x08001318   Section        0  stm32f4xx_hal_gpio.o(i.HAL_GPIO_TogglePin)
    i.HAL_GPIO_WritePin                      0x08001320   Section        0  stm32f4xx_hal_gpio.o(i.HAL_GPIO_WritePin)
    i.HAL_GetTick                            0x0800132c   Section        0  stm32f4xx_hal.o(i.HAL_GetTick)
    i.HAL_IncTick                            0x08001338   Section        0  stm32f4xx_hal.o(i.HAL_IncTick)
    i.HAL_Init                               0x08001350   Section        0  stm32f4xx_hal.o(i.HAL_Init)
    i.HAL_InitTick                           0x0800138c   Section        0  stm32f4xx_hal.o(i.HAL_InitTick)
    i.HAL_MspInit                            0x080013d8   Section        0  stm32f4xx_hal_msp.o(i.HAL_MspInit)
    i.HAL_NVIC_EnableIRQ                     0x0800142e   Section        0  stm32f4xx_hal_cortex.o(i.HAL_NVIC_EnableIRQ)
    i.HAL_NVIC_SetPriority                   0x08001448   Section        0  stm32f4xx_hal_cortex.o(i.HAL_NVIC_SetPriority)
    i.HAL_NVIC_SetPriorityGrouping           0x080014c4   Section        0  stm32f4xx_hal_cortex.o(i.HAL_NVIC_SetPriorityGrouping)
    i.HAL_RCC_ClockConfig                    0x080014ec   Section        0  stm32f4xx_hal_rcc.o(i.HAL_RCC_ClockConfig)
    i.HAL_RCC_GetHCLKFreq                    0x0800166c   Section        0  stm32f4xx_hal_rcc.o(i.HAL_RCC_GetHCLKFreq)
    i.HAL_RCC_GetPCLK1Freq                   0x08001678   Section        0  stm32f4xx_hal_rcc.o(i.HAL_RCC_GetPCLK1Freq)
    i.HAL_RCC_GetPCLK2Freq                   0x08001698   Section        0  stm32f4xx_hal_rcc.o(i.HAL_RCC_GetPCLK2Freq)
    i.HAL_RCC_GetSysClockFreq                0x080016b8   Section        0  stm32f4xx_hal_rcc.o(i.HAL_RCC_GetSysClockFreq)
    i.HAL_RCC_OscConfig                      0x08001768   Section        0  stm32f4xx_hal_rcc.o(i.HAL_RCC_OscConfig)
    i.HAL_SYSTICK_CLKSourceConfig            0x08001bb0   Section        0  stm32f4xx_hal_cortex.o(i.HAL_SYSTICK_CLKSourceConfig)
    i.HAL_SYSTICK_Callback                   0x08001bd8   Section        0  stm32f4xx_hal_cortex.o(i.HAL_SYSTICK_Callback)
    i.HAL_SYSTICK_Config                     0x08001bda   Section        0  stm32f4xx_hal_cortex.o(i.HAL_SYSTICK_Config)
    i.HAL_SYSTICK_IRQHandler                 0x08001c0e   Section        0  stm32f4xx_hal_cortex.o(i.HAL_SYSTICK_IRQHandler)
    i.HAL_TIMEx_BreakCallback                0x08001c16   Section        0  stm32f4xx_hal_tim_ex.o(i.HAL_TIMEx_BreakCallback)
    i.HAL_TIMEx_CommutationCallback          0x08001c18   Section        0  stm32f4xx_hal_tim_ex.o(i.HAL_TIMEx_CommutationCallback)
    i.HAL_TIMEx_MasterConfigSynchronization  0x08001c1a   Section        0  stm32f4xx_hal_tim_ex.o(i.HAL_TIMEx_MasterConfigSynchronization)
    i.HAL_TIM_Base_Init                      0x08001c7c   Section        0  stm32f4xx_hal_tim.o(i.HAL_TIM_Base_Init)
    i.HAL_TIM_Base_MspInit                   0x08001cb0   Section        0  tim.o(i.HAL_TIM_Base_MspInit)
    i.HAL_TIM_Base_Start_IT                  0x08001ce4   Section        0  stm32f4xx_hal_tim.o(i.HAL_TIM_Base_Start_IT)
    i.HAL_TIM_IC_CaptureCallback             0x08001d02   Section        0  stm32f4xx_hal_tim.o(i.HAL_TIM_IC_CaptureCallback)
    i.HAL_TIM_IRQHandler                     0x08001d04   Section        0  stm32f4xx_hal_tim.o(i.HAL_TIM_IRQHandler)
    i.HAL_TIM_OC_DelayElapsedCallback        0x08001e9a   Section        0  stm32f4xx_hal_tim.o(i.HAL_TIM_OC_DelayElapsedCallback)
    i.HAL_TIM_PWM_PulseFinishedCallback      0x08001e9c   Section        0  stm32f4xx_hal_tim.o(i.HAL_TIM_PWM_PulseFinishedCallback)
    i.HAL_TIM_PeriodElapsedCallback          0x08001e9e   Section        0  stm32f4xx_hal_tim.o(i.HAL_TIM_PeriodElapsedCallback)
    i.HAL_TIM_TriggerCallback                0x08001ea0   Section        0  stm32f4xx_hal_tim.o(i.HAL_TIM_TriggerCallback)
    i.HAL_UART_ErrorCallback                 0x08001ea2   Section        0  stm32f4xx_hal_uart.o(i.HAL_UART_ErrorCallback)
    i.HAL_UART_IRQHandler                    0x08001ea4   Section        0  stm32f4xx_hal_uart.o(i.HAL_UART_IRQHandler)
    i.HAL_UART_Init                          0x08001ff0   Section        0  stm32f4xx_hal_uart.o(i.HAL_UART_Init)
    i.HAL_UART_MspInit                       0x08002064   Section        0  usart.o(i.HAL_UART_MspInit)
    i.HAL_UART_Receive_IT                    0x08002110   Section        0  stm32f4xx_hal_uart.o(i.HAL_UART_Receive_IT)
    i.HAL_UART_RxCpltCallback                0x08002174   Section        0  stm32f4xx_hal_uart.o(i.HAL_UART_RxCpltCallback)
    i.HAL_UART_Transmit                      0x08002176   Section        0  stm32f4xx_hal_uart.o(i.HAL_UART_Transmit)
    i.HAL_UART_TxCpltCallback                0x0800224c   Section        0  stm32f4xx_hal_uart.o(i.HAL_UART_TxCpltCallback)
    i.HardFault_Handler                      0x0800224e   Section        0  stm32f4xx_it.o(i.HardFault_Handler)
    i.IIC_Ack                                0x08002254   Section        0  myiic.o(i.IIC_Ack)
    i.IIC_DelayUS                            0x080022a4   Section        0  myiic.o(i.IIC_DelayUS)
    i.IIC_Read_Byte                          0x080022c0   Section        0  myiic.o(i.IIC_Read_Byte)
    i.IIC_Send_Byte                          0x08002324   Section        0  myiic.o(i.IIC_Send_Byte)
    i.IIC_Start                              0x0800238c   Section        0  myiic.o(i.IIC_Start)
    i.IIC_Stop                               0x080023e0   Section        0  myiic.o(i.IIC_Stop)
    i.IIC_Wait_Ack                           0x08002430   Section        0  myiic.o(i.IIC_Wait_Ack)
    i.MX_GPIO_Init                           0x08002490   Section        0  gpio.o(i.MX_GPIO_Init)
    i.MX_NVIC_Init                           0x080025d8   Section        0  main.o(i.MX_NVIC_Init)
    MX_NVIC_Init                             0x080025d9   Thumb Code    52  main.o(i.MX_NVIC_Init)
    i.MX_TIM6_Init                           0x0800260c   Section        0  tim.o(i.MX_TIM6_Init)
    i.MX_USART1_UART_Init                    0x08002664   Section        0  usart.o(i.MX_USART1_UART_Init)
    i.MX_USART2_UART_Init                    0x080026b0   Section        0  usart.o(i.MX_USART2_UART_Init)
    i.MemManage_Handler                      0x080026fc   Section        0  stm32f4xx_it.o(i.MemManage_Handler)
    i.NMI_Handler                            0x08002700   Section        0  stm32f4xx_it.o(i.NMI_Handler)
    i.NVIC_GetPriorityGrouping               0x08002704   Section        0  stm32f4xx_hal_cortex.o(i.NVIC_GetPriorityGrouping)
    NVIC_GetPriorityGrouping                 0x08002705   Thumb Code    10  stm32f4xx_hal_cortex.o(i.NVIC_GetPriorityGrouping)
    i.NVIC_SetPriority                       0x08002714   Section        0  stm32f4xx_hal_cortex.o(i.NVIC_SetPriority)
    NVIC_SetPriority                         0x08002715   Thumb Code    32  stm32f4xx_hal_cortex.o(i.NVIC_SetPriority)
    i.PendSV_Handler                         0x0800273c   Section        0  stm32f4xx_it.o(i.PendSV_Handler)
    i.SVC_Handler                            0x0800273e   Section        0  stm32f4xx_it.o(i.SVC_Handler)
    i.SysTick_Handler                        0x08002740   Section        0  stm32f4xx_it.o(i.SysTick_Handler)
    i.SystemClock_Config                     0x0800274c   Section        0  main.o(i.SystemClock_Config)
    i.SystemInit                             0x0800282c   Section        0  system_stm32f4xx.o(i.SystemInit)
    i.TIM6_DAC_IRQHandler                    0x08002890   Section        0  stm32f4xx_it.o(i.TIM6_DAC_IRQHandler)
    i.TIM_Base_SetConfig                     0x08002948   Section        0  stm32f4xx_hal_tim.o(i.TIM_Base_SetConfig)
    i.TaskDAC                                0x08002a2c   Section        0  task.o(i.TaskDAC)
    i.TaskDebug                              0x08002a40   Section        0  task.o(i.TaskDebug)
    i.TaskInitVariable                       0x08002cc8   Section        0  task.o(i.TaskInitVariable)
    i.UART_DMAAbortOnError                   0x08002d7c   Section        0  stm32f4xx_hal_uart.o(i.UART_DMAAbortOnError)
    UART_DMAAbortOnError                     0x08002d7d   Thumb Code    20  stm32f4xx_hal_uart.o(i.UART_DMAAbortOnError)
    i.UART_EndRxTransfer                     0x08002d90   Section        0  stm32f4xx_hal_uart.o(i.UART_EndRxTransfer)
    UART_EndRxTransfer                       0x08002d91   Thumb Code    32  stm32f4xx_hal_uart.o(i.UART_EndRxTransfer)
    i.UART_EndTransmit_IT                    0x08002db0   Section        0  stm32f4xx_hal_uart.o(i.UART_EndTransmit_IT)
    UART_EndTransmit_IT                      0x08002db1   Thumb Code    32  stm32f4xx_hal_uart.o(i.UART_EndTransmit_IT)
    i.UART_Receive_IT                        0x08002dd0   Section        0  stm32f4xx_hal_uart.o(i.UART_Receive_IT)
    UART_Receive_IT                          0x08002dd1   Thumb Code   154  stm32f4xx_hal_uart.o(i.UART_Receive_IT)
    i.UART_SetConfig                         0x08002e6c   Section        0  stm32f4xx_hal_uart.o(i.UART_SetConfig)
    UART_SetConfig                           0x08002e6d   Thumb Code   864  stm32f4xx_hal_uart.o(i.UART_SetConfig)
    i.UART_Transmit_IT                       0x080031d4   Section        0  stm32f4xx_hal_uart.o(i.UART_Transmit_IT)
    UART_Transmit_IT                         0x080031d5   Thumb Code   104  stm32f4xx_hal_uart.o(i.UART_Transmit_IT)
    i.UART_WaitOnFlagUntilTimeout            0x0800323c   Section        0  stm32f4xx_hal_uart.o(i.UART_WaitOnFlagUntilTimeout)
    UART_WaitOnFlagUntilTimeout              0x0800323d   Thumb Code   108  stm32f4xx_hal_uart.o(i.UART_WaitOnFlagUntilTimeout)
    i.USART1_IRQHandler                      0x080032a8   Section        0  stm32f4xx_it.o(i.USART1_IRQHandler)
    i.USART2_IRQHandler                      0x080032cc   Section        0  stm32f4xx_it.o(i.USART2_IRQHandler)
    i.UsageFault_Handler                     0x080032dc   Section        0  stm32f4xx_it.o(i.UsageFault_Handler)
    i.WAVE_ADB_Init                          0x080032e0   Section        0  wave.o(i.WAVE_ADB_Init)
    i.WaveFunc                               0x08003334   Section        0  wave.o(i.WaveFunc)
    i._Error_Handler                         0x08003478   Section        0  main.o(i._Error_Handler)
    i.__0printf                              0x0800347c   Section        0  printfa.o(i.__0printf)
    i.__ARM_fpclassify                       0x0800349c   Section        0  fpclassify.o(i.__ARM_fpclassify)
    i.__hardfp_sin                           0x080034d0   Section        0  sin.o(i.__hardfp_sin)
    i.__ieee754_rem_pio2                     0x08003598   Section        0  rred.o(i.__ieee754_rem_pio2)
    i.__kernel_cos                           0x080039d0   Section        0  cos_i.o(i.__kernel_cos)
    i.__kernel_poly                          0x08003b40   Section        0  poly.o(i.__kernel_poly)
    i.__kernel_sin                           0x08003c38   Section        0  sin_i.o(i.__kernel_sin)
    i.__mathlib_dbl_infnan                   0x08003d68   Section        0  dunder.o(i.__mathlib_dbl_infnan)
    i.__mathlib_dbl_invalid                  0x08003d80   Section        0  dunder.o(i.__mathlib_dbl_invalid)
    i.__mathlib_dbl_underflow                0x08003da0   Section        0  dunder.o(i.__mathlib_dbl_underflow)
    i.__scatterload_copy                     0x08003dc0   Section       14  handlers.o(i.__scatterload_copy)
    i.__scatterload_null                     0x08003dce   Section        2  handlers.o(i.__scatterload_null)
    i.__scatterload_zeroinit                 0x08003dd0   Section       14  handlers.o(i.__scatterload_zeroinit)
    i.__set_errno                            0x08003de0   Section        0  errno.o(i.__set_errno)
    i._fp_digits                             0x08003dec   Section        0  printfa.o(i._fp_digits)
    _fp_digits                               0x08003ded   Thumb Code   366  printfa.o(i._fp_digits)
    i._printf_core                           0x08003f70   Section        0  printfa.o(i._printf_core)
    _printf_core                             0x08003f71   Thumb Code  1744  printfa.o(i._printf_core)
    i._printf_post_padding                   0x0800464c   Section        0  printfa.o(i._printf_post_padding)
    _printf_post_padding                     0x0800464d   Thumb Code    36  printfa.o(i._printf_post_padding)
    i._printf_pre_padding                    0x08004670   Section        0  printfa.o(i._printf_pre_padding)
    _printf_pre_padding                      0x08004671   Thumb Code    46  printfa.o(i._printf_pre_padding)
    i.fabs                                   0x0800469e   Section        0  fabs.o(i.fabs)
    i.fputc                                  0x080046b8   Section        0  usart.o(i.fputc)
    i.main                                   0x080046d4   Section        0  main.o(i.main)
    .constdata                               0x0800472c   Section       24  system_stm32f4xx.o(.constdata)
    .constdata                               0x08004748   Section       48  cos_i.o(.constdata)
    C                                        0x08004748   Data          48  cos_i.o(.constdata)
    .constdata                               0x08004778   Section      200  rred.o(.constdata)
    pio2s                                    0x08004778   Data          48  rred.o(.constdata)
    twooverpi                                0x080047a8   Data         152  rred.o(.constdata)
    .constdata                               0x08004840   Section       40  sin_i.o(.constdata)
    S                                        0x08004840   Data          40  sin_i.o(.constdata)
    .data                                    0x20000000   Section        4  system_stm32f4xx.o(.data)
    .data                                    0x20000004   Section        9  stm32f4xx_hal.o(.data)
    .data                                    0x2000000d   Section        1  main.o(.data)
    .data                                    0x20000010   Section        9  stm32f4xx_it.o(.data)
    .data                                    0x20000020   Section       16  ad5722.o(.data)
    .data                                    0x20000030   Section       24  protocol_1.o(.data)
    head2                                    0x20000030   Data           1  protocol_1.o(.data)
    frqI                                     0x20000031   Data           1  protocol_1.o(.data)
    frqD                                     0x20000032   Data           1  protocol_1.o(.data)
    phaI                                     0x20000033   Data           1  protocol_1.o(.data)
    phaD                                     0x20000034   Data           1  protocol_1.o(.data)
    dutyI                                    0x20000035   Data           1  protocol_1.o(.data)
    dutyD                                    0x20000036   Data           1  protocol_1.o(.data)
    ampP                                     0x20000038   Data           8  protocol_1.o(.data)
    ampN                                     0x20000040   Data           8  protocol_1.o(.data)
    .data                                    0x20000048   Section       56  wave.o(.data)
    t                                        0x20000078   Data           8  wave.o(.data)
    .data                                    0x20000080   Section        4  stdout.o(.data)
    .data                                    0x20000084   Section        4  errno.o(.data)
    _errno                                   0x20000084   Data           4  errno.o(.data)
    .bss                                     0x20000088   Section       60  tim.o(.bss)
    .bss                                     0x200000c4   Section      128  usart.o(.bss)
    STACK                                    0x20000148   Section     1536  startup_stm32f405xx.o(STACK)

    Global Symbols

    Symbol Name                              Value     Ov Type        Size  Object(Section)

    BuildAttributes$$THM_ISAv4$E$P$D$K$B$S$7EM$VFPi3$EXTD16$VFPS$VFMA$PE$A:L22UL41UL21$X:L11$S22US41US21$IEEE1$IW$USESV6$~STKCKD$USESV7$~SHL$OTIME$ROPI$IEEEX$EBA8$MICROLIB$REQ8$PRES8$EABIv2 0x00000000   Number         0  anon$$obj.o ABSOLUTE
    __ARM_use_no_argv                        0x00000000   Number         0  main.o ABSOLUTE
    _printf_a                                0x00000000   Number         0  stubs.o ABSOLUTE
    _printf_c                                0x00000000   Number         0  stubs.o ABSOLUTE
    _printf_charcount                        0x00000000   Number         0  stubs.o ABSOLUTE
    _printf_d                                0x00000000   Number         0  stubs.o ABSOLUTE
    _printf_e                                0x00000000   Number         0  stubs.o ABSOLUTE
    _printf_f                                0x00000000   Number         0  stubs.o ABSOLUTE
    _printf_flags                            0x00000000   Number         0  stubs.o ABSOLUTE
    _printf_fp_dec                           0x00000000   Number         0  stubs.o ABSOLUTE
    _printf_fp_hex                           0x00000000   Number         0  stubs.o ABSOLUTE
    _printf_g                                0x00000000   Number         0  stubs.o ABSOLUTE
    _printf_i                                0x00000000   Number         0  stubs.o ABSOLUTE
    _printf_int_dec                          0x00000000   Number         0  stubs.o ABSOLUTE
    _printf_l                                0x00000000   Number         0  stubs.o ABSOLUTE
    _printf_lc                               0x00000000   Number         0  stubs.o ABSOLUTE
    _printf_ll                               0x00000000   Number         0  stubs.o ABSOLUTE
    _printf_lld                              0x00000000   Number         0  stubs.o ABSOLUTE
    _printf_lli                              0x00000000   Number         0  stubs.o ABSOLUTE
    _printf_llo                              0x00000000   Number         0  stubs.o ABSOLUTE
    _printf_llu                              0x00000000   Number         0  stubs.o ABSOLUTE
    _printf_llx                              0x00000000   Number         0  stubs.o ABSOLUTE
    _printf_longlong_dec                     0x00000000   Number         0  stubs.o ABSOLUTE
    _printf_longlong_hex                     0x00000000   Number         0  stubs.o ABSOLUTE
    _printf_longlong_oct                     0x00000000   Number         0  stubs.o ABSOLUTE
    _printf_ls                               0x00000000   Number         0  stubs.o ABSOLUTE
    _printf_mbtowc                           0x00000000   Number         0  stubs.o ABSOLUTE
    _printf_n                                0x00000000   Number         0  stubs.o ABSOLUTE
    _printf_o                                0x00000000   Number         0  stubs.o ABSOLUTE
    _printf_p                                0x00000000   Number         0  stubs.o ABSOLUTE
    _printf_percent                          0x00000000   Number         0  stubs.o ABSOLUTE
    _printf_pre_padding                      0x00000000   Number         0  stubs.o ABSOLUTE
    _printf_return_value                     0x00000000   Number         0  stubs.o ABSOLUTE
    _printf_s                                0x00000000   Number         0  stubs.o ABSOLUTE
    _printf_sizespec                         0x00000000   Number         0  stubs.o ABSOLUTE
    _printf_str                              0x00000000   Number         0  stubs.o ABSOLUTE
    _printf_truncate_signed                  0x00000000   Number         0  stubs.o ABSOLUTE
    _printf_truncate_unsigned                0x00000000   Number         0  stubs.o ABSOLUTE
    _printf_u                                0x00000000   Number         0  stubs.o ABSOLUTE
    _printf_wc                               0x00000000   Number         0  stubs.o ABSOLUTE
    _printf_wctomb                           0x00000000   Number         0  stubs.o ABSOLUTE
    _printf_widthprec                        0x00000000   Number         0  stubs.o ABSOLUTE
    _printf_x                                0x00000000   Number         0  stubs.o ABSOLUTE
    __cpp_initialize__aeabi_                  - Undefined Weak Reference
    __cxa_finalize                            - Undefined Weak Reference
    __decompress                              - Undefined Weak Reference
    _clock_init                               - Undefined Weak Reference
    _microlib_exit                            - Undefined Weak Reference
    __Vectors_Size                           0x00000188   Number         0  startup_stm32f405xx.o ABSOLUTE
    __Vectors                                0x08000000   Data           4  startup_stm32f405xx.o(RESET)
    __Vectors_End                            0x08000188   Data           0  startup_stm32f405xx.o(RESET)
    __main                                   0x08000189   Thumb Code     0  entry.o(.ARM.Collect$$$$00000000)
    _main_stk                                0x08000189   Thumb Code     0  entry2.o(.ARM.Collect$$$$00000001)
    _main_scatterload                        0x0800018d   Thumb Code     0  entry5.o(.ARM.Collect$$$$00000004)
    __main_after_scatterload                 0x08000191   Thumb Code     0  entry5.o(.ARM.Collect$$$$00000004)
    _main_clock                              0x08000191   Thumb Code     0  entry7b.o(.ARM.Collect$$$$00000008)
    _main_cpp_init                           0x08000191   Thumb Code     0  entry8b.o(.ARM.Collect$$$$0000000A)
    _main_init                               0x08000191   Thumb Code     0  entry9a.o(.ARM.Collect$$$$0000000B)
    __rt_final_cpp                           0x08000199   Thumb Code     0  entry10a.o(.ARM.Collect$$$$0000000D)
    __rt_final_exit                          0x08000199   Thumb Code     0  entry11a.o(.ARM.Collect$$$$0000000F)
    Reset_Handler                            0x0800019d   Thumb Code     8  startup_stm32f405xx.o(.text)
    ADC_IRQHandler                           0x080001b7   Thumb Code     0  startup_stm32f405xx.o(.text)
    CAN1_RX0_IRQHandler                      0x080001b7   Thumb Code     0  startup_stm32f405xx.o(.text)
    CAN1_RX1_IRQHandler                      0x080001b7   Thumb Code     0  startup_stm32f405xx.o(.text)
    CAN1_SCE_IRQHandler                      0x080001b7   Thumb Code     0  startup_stm32f405xx.o(.text)
    CAN1_TX_IRQHandler                       0x080001b7   Thumb Code     0  startup_stm32f405xx.o(.text)
    CAN2_RX0_IRQHandler                      0x080001b7   Thumb Code     0  startup_stm32f405xx.o(.text)
    CAN2_RX1_IRQHandler                      0x080001b7   Thumb Code     0  startup_stm32f405xx.o(.text)
    CAN2_SCE_IRQHandler                      0x080001b7   Thumb Code     0  startup_stm32f405xx.o(.text)
    CAN2_TX_IRQHandler                       0x080001b7   Thumb Code     0  startup_stm32f405xx.o(.text)
    DMA1_Stream0_IRQHandler                  0x080001b7   Thumb Code     0  startup_stm32f405xx.o(.text)
    DMA1_Stream1_IRQHandler                  0x080001b7   Thumb Code     0  startup_stm32f405xx.o(.text)
    DMA1_Stream2_IRQHandler                  0x080001b7   Thumb Code     0  startup_stm32f405xx.o(.text)
    DMA1_Stream3_IRQHandler                  0x080001b7   Thumb Code     0  startup_stm32f405xx.o(.text)
    DMA1_Stream4_IRQHandler                  0x080001b7   Thumb Code     0  startup_stm32f405xx.o(.text)
    DMA1_Stream5_IRQHandler                  0x080001b7   Thumb Code     0  startup_stm32f405xx.o(.text)
    DMA1_Stream6_IRQHandler                  0x080001b7   Thumb Code     0  startup_stm32f405xx.o(.text)
    DMA1_Stream7_IRQHandler                  0x080001b7   Thumb Code     0  startup_stm32f405xx.o(.text)
    DMA2_Stream0_IRQHandler                  0x080001b7   Thumb Code     0  startup_stm32f405xx.o(.text)
    DMA2_Stream1_IRQHandler                  0x080001b7   Thumb Code     0  startup_stm32f405xx.o(.text)
    DMA2_Stream2_IRQHandler                  0x080001b7   Thumb Code     0  startup_stm32f405xx.o(.text)
    DMA2_Stream3_IRQHandler                  0x080001b7   Thumb Code     0  startup_stm32f405xx.o(.text)
    DMA2_Stream4_IRQHandler                  0x080001b7   Thumb Code     0  startup_stm32f405xx.o(.text)
    DMA2_Stream5_IRQHandler                  0x080001b7   Thumb Code     0  startup_stm32f405xx.o(.text)
    DMA2_Stream6_IRQHandler                  0x080001b7   Thumb Code     0  startup_stm32f405xx.o(.text)
    DMA2_Stream7_IRQHandler                  0x080001b7   Thumb Code     0  startup_stm32f405xx.o(.text)
    EXTI0_IRQHandler                         0x080001b7   Thumb Code     0  startup_stm32f405xx.o(.text)
    EXTI15_10_IRQHandler                     0x080001b7   Thumb Code     0  startup_stm32f405xx.o(.text)
    EXTI1_IRQHandler                         0x080001b7   Thumb Code     0  startup_stm32f405xx.o(.text)
    EXTI2_IRQHandler                         0x080001b7   Thumb Code     0  startup_stm32f405xx.o(.text)
    EXTI3_IRQHandler                         0x080001b7   Thumb Code     0  startup_stm32f405xx.o(.text)
    EXTI4_IRQHandler                         0x080001b7   Thumb Code     0  startup_stm32f405xx.o(.text)
    EXTI9_5_IRQHandler                       0x080001b7   Thumb Code     0  startup_stm32f405xx.o(.text)
    FLASH_IRQHandler                         0x080001b7   Thumb Code     0  startup_stm32f405xx.o(.text)
    FMC_IRQHandler                           0x080001b7   Thumb Code     0  startup_stm32f405xx.o(.text)
    FPU_IRQHandler                           0x080001b7   Thumb Code     0  startup_stm32f405xx.o(.text)
    HASH_RNG_IRQHandler                      0x080001b7   Thumb Code     0  startup_stm32f405xx.o(.text)
    I2C1_ER_IRQHandler                       0x080001b7   Thumb Code     0  startup_stm32f405xx.o(.text)
    I2C1_EV_IRQHandler                       0x080001b7   Thumb Code     0  startup_stm32f405xx.o(.text)
    I2C2_ER_IRQHandler                       0x080001b7   Thumb Code     0  startup_stm32f405xx.o(.text)
    I2C2_EV_IRQHandler                       0x080001b7   Thumb Code     0  startup_stm32f405xx.o(.text)
    I2C3_ER_IRQHandler                       0x080001b7   Thumb Code     0  startup_stm32f405xx.o(.text)
    I2C3_EV_IRQHandler                       0x080001b7   Thumb Code     0  startup_stm32f405xx.o(.text)
    OTG_FS_IRQHandler                        0x080001b7   Thumb Code     0  startup_stm32f405xx.o(.text)
    OTG_FS_WKUP_IRQHandler                   0x080001b7   Thumb Code     0  startup_stm32f405xx.o(.text)
    OTG_HS_EP1_IN_IRQHandler                 0x080001b7   Thumb Code     0  startup_stm32f405xx.o(.text)
    OTG_HS_EP1_OUT_IRQHandler                0x080001b7   Thumb Code     0  startup_stm32f405xx.o(.text)
    OTG_HS_IRQHandler                        0x080001b7   Thumb Code     0  startup_stm32f405xx.o(.text)
    OTG_HS_WKUP_IRQHandler                   0x080001b7   Thumb Code     0  startup_stm32f405xx.o(.text)
    PVD_IRQHandler                           0x080001b7   Thumb Code     0  startup_stm32f405xx.o(.text)
    RCC_IRQHandler                           0x080001b7   Thumb Code     0  startup_stm32f405xx.o(.text)
    RTC_Alarm_IRQHandler                     0x080001b7   Thumb Code     0  startup_stm32f405xx.o(.text)
    RTC_WKUP_IRQHandler                      0x080001b7   Thumb Code     0  startup_stm32f405xx.o(.text)
    SDIO_IRQHandler                          0x080001b7   Thumb Code     0  startup_stm32f405xx.o(.text)
    SPI1_IRQHandler                          0x080001b7   Thumb Code     0  startup_stm32f405xx.o(.text)
    SPI2_IRQHandler                          0x080001b7   Thumb Code     0  startup_stm32f405xx.o(.text)
    SPI3_IRQHandler                          0x080001b7   Thumb Code     0  startup_stm32f405xx.o(.text)
    TAMP_STAMP_IRQHandler                    0x080001b7   Thumb Code     0  startup_stm32f405xx.o(.text)
    TIM1_BRK_TIM9_IRQHandler                 0x080001b7   Thumb Code     0  startup_stm32f405xx.o(.text)
    TIM1_CC_IRQHandler                       0x080001b7   Thumb Code     0  startup_stm32f405xx.o(.text)
    TIM1_TRG_COM_TIM11_IRQHandler            0x080001b7   Thumb Code     0  startup_stm32f405xx.o(.text)
    TIM1_UP_TIM10_IRQHandler                 0x080001b7   Thumb Code     0  startup_stm32f405xx.o(.text)
    TIM2_IRQHandler                          0x080001b7   Thumb Code     0  startup_stm32f405xx.o(.text)
    TIM3_IRQHandler                          0x080001b7   Thumb Code     0  startup_stm32f405xx.o(.text)
    TIM4_IRQHandler                          0x080001b7   Thumb Code     0  startup_stm32f405xx.o(.text)
    TIM5_IRQHandler                          0x080001b7   Thumb Code     0  startup_stm32f405xx.o(.text)
    TIM7_IRQHandler                          0x080001b7   Thumb Code     0  startup_stm32f405xx.o(.text)
    TIM8_BRK_TIM12_IRQHandler                0x080001b7   Thumb Code     0  startup_stm32f405xx.o(.text)
    TIM8_CC_IRQHandler                       0x080001b7   Thumb Code     0  startup_stm32f405xx.o(.text)
    TIM8_TRG_COM_TIM14_IRQHandler            0x080001b7   Thumb Code     0  startup_stm32f405xx.o(.text)
    TIM8_UP_TIM13_IRQHandler                 0x080001b7   Thumb Code     0  startup_stm32f405xx.o(.text)
    UART4_IRQHandler                         0x080001b7   Thumb Code     0  startup_stm32f405xx.o(.text)
    UART5_IRQHandler                         0x080001b7   Thumb Code     0  startup_stm32f405xx.o(.text)
    USART3_IRQHandler                        0x080001b7   Thumb Code     0  startup_stm32f405xx.o(.text)
    USART6_IRQHandler                        0x080001b7   Thumb Code     0  startup_stm32f405xx.o(.text)
    WWDG_IRQHandler                          0x080001b7   Thumb Code     0  startup_stm32f405xx.o(.text)
    __aeabi_uldivmod                         0x080001c1   Thumb Code    98  uldiv.o(.text)
    __aeabi_dadd                             0x08000223   Thumb Code   322  dadd.o(.text)
    __aeabi_dsub                             0x08000365   Thumb Code     6  dadd.o(.text)
    __aeabi_drsub                            0x0800036b   Thumb Code     6  dadd.o(.text)
    __aeabi_dmul                             0x08000371   Thumb Code   228  dmul.o(.text)
    __aeabi_ddiv                             0x08000455   Thumb Code   222  ddiv.o(.text)
    __aeabi_i2d                              0x08000533   Thumb Code    34  dflti.o(.text)
    __aeabi_ui2d                             0x08000555   Thumb Code    26  dfltui.o(.text)
    __aeabi_d2uiz                            0x0800056f   Thumb Code    50  dfixui.o(.text)
    __aeabi_cdcmpeq                          0x080005a1   Thumb Code     0  cdcmple.o(.text)
    __aeabi_cdcmple                          0x080005a1   Thumb Code    48  cdcmple.o(.text)
    __aeabi_cdrcmple                         0x080005d1   Thumb Code    48  cdrcmple.o(.text)
    __aeabi_uidiv                            0x08000601   Thumb Code     0  uidiv.o(.text)
    __aeabi_uidivmod                         0x08000601   Thumb Code    44  uidiv.o(.text)
    __aeabi_llsl                             0x0800062d   Thumb Code    30  llshl.o(.text)
    _ll_shift_l                              0x0800062d   Thumb Code     0  llshl.o(.text)
    __aeabi_llsr                             0x0800064b   Thumb Code    32  llushr.o(.text)
    _ll_ushift_r                             0x0800064b   Thumb Code     0  llushr.o(.text)
    __aeabi_lasr                             0x0800066b   Thumb Code    36  llsshr.o(.text)
    _ll_sshift_r                             0x0800066b   Thumb Code     0  llsshr.o(.text)
    __I$use$fp                               0x0800068f   Thumb Code     0  iusefp.o(.text)
    _double_round                            0x0800068f   Thumb Code    30  depilogue.o(.text)
    _double_epilogue                         0x080006ad   Thumb Code   156  depilogue.o(.text)
    __aeabi_d2ulz                            0x08000749   Thumb Code    48  dfixul.o(.text)
    __scatterload                            0x08000779   Thumb Code    28  init.o(.text)
    __scatterload_rt2                        0x08000779   Thumb Code     0  init.o(.text)
    __aeabi_d2iz                             0x0800079d   Thumb Code    62  dfixi.o(.text)
    AD5722_AlwaysLoadDAC                     0x080007dd   Thumb Code    22  ad5722.o(i.AD5722_AlwaysLoadDAC)
    AD5722_ClearOutValue                     0x080007f9   Thumb Code    42  ad5722.o(i.AD5722_ClearOutValue)
    AD5722_DataFormatTransfer                0x08000829   Thumb Code   258  ad5722.o(i.AD5722_DataFormatTransfer)
    AD5722_Delay_ns                          0x08000961   Thumb Code    12  ad5722.o(i.AD5722_Delay_ns)
    AD5722_Init                              0x0800096d   Thumb Code    80  ad5722.o(i.AD5722_Init)
    AD5722_Output                            0x080009d1   Thumb Code    46  ad5722.o(i.AD5722_Output)
    AD5722_ReadBack                          0x080009ff   Thumb Code    26  ad5722.o(i.AD5722_ReadBack)
    AD5722_ReadData                          0x08000a19   Thumb Code   134  ad5722.o(i.AD5722_ReadData)
    AD5722_SendData                          0x08000aa5   Thumb Code   128  ad5722.o(i.AD5722_SendData)
    AD5722_SetRange                          0x08000b29   Thumb Code    16  ad5722.o(i.AD5722_SetRange)
    ADS1x15_Config                           0x08000b3d   Thumb Code    24  ads1115.o(i.ADS1x15_Config)
    ADS1x15_Delay_ms                         0x08000b55   Thumb Code    22  ads1115.o(i.ADS1x15_Delay_ms)
    ADS1x15_GetValue                         0x08000b71   Thumb Code    26  ads1115.o(i.ADS1x15_GetValue)
    ADS1x15_ReadData                         0x08000b8d   Thumb Code   136  ads1115.o(i.ADS1x15_ReadData)
    ADS1x15_WriteData                        0x08000c21   Thumb Code   122  ads1115.o(i.ADS1x15_WriteData)
    BusFault_Handler                         0x08000cad   Thumb Code     4  stm32f4xx_it.o(i.BusFault_Handler)
    DealUART1Buff                            0x08000cb1   Thumb Code   936  protocol_1.o(i.DealUART1Buff)
    DebugMon_Handler                         0x080010b5   Thumb Code     2  stm32f4xx_it.o(i.DebugMon_Handler)
    HAL_DMA_Abort_IT                         0x080010b7   Thumb Code    40  stm32f4xx_hal_dma.o(i.HAL_DMA_Abort_IT)
    HAL_Delay                                0x080010e1   Thumb Code    36  stm32f4xx_hal.o(i.HAL_Delay)
    HAL_GPIO_Init                            0x08001109   Thumb Code   466  stm32f4xx_hal_gpio.o(i.HAL_GPIO_Init)
    HAL_GPIO_ReadPin                         0x08001309   Thumb Code    16  stm32f4xx_hal_gpio.o(i.HAL_GPIO_ReadPin)
    HAL_GPIO_TogglePin                       0x08001319   Thumb Code     8  stm32f4xx_hal_gpio.o(i.HAL_GPIO_TogglePin)
    HAL_GPIO_WritePin                        0x08001321   Thumb Code    12  stm32f4xx_hal_gpio.o(i.HAL_GPIO_WritePin)
    HAL_GetTick                              0x0800132d   Thumb Code     6  stm32f4xx_hal.o(i.HAL_GetTick)
    HAL_IncTick                              0x08001339   Thumb Code    16  stm32f4xx_hal.o(i.HAL_IncTick)
    HAL_Init                                 0x08001351   Thumb Code    54  stm32f4xx_hal.o(i.HAL_Init)
    HAL_InitTick                             0x0800138d   Thumb Code    64  stm32f4xx_hal.o(i.HAL_InitTick)
    HAL_MspInit                              0x080013d9   Thumb Code    86  stm32f4xx_hal_msp.o(i.HAL_MspInit)
    HAL_NVIC_EnableIRQ                       0x0800142f   Thumb Code    26  stm32f4xx_hal_cortex.o(i.HAL_NVIC_EnableIRQ)
    HAL_NVIC_SetPriority                     0x08001449   Thumb Code   124  stm32f4xx_hal_cortex.o(i.HAL_NVIC_SetPriority)
    HAL_NVIC_SetPriorityGrouping             0x080014c5   Thumb Code    32  stm32f4xx_hal_cortex.o(i.HAL_NVIC_SetPriorityGrouping)
    HAL_RCC_ClockConfig                      0x080014ed   Thumb Code   366  stm32f4xx_hal_rcc.o(i.HAL_RCC_ClockConfig)
    HAL_RCC_GetHCLKFreq                      0x0800166d   Thumb Code     6  stm32f4xx_hal_rcc.o(i.HAL_RCC_GetHCLKFreq)
    HAL_RCC_GetPCLK1Freq                     0x08001679   Thumb Code    22  stm32f4xx_hal_rcc.o(i.HAL_RCC_GetPCLK1Freq)
    HAL_RCC_GetPCLK2Freq                     0x08001699   Thumb Code    22  stm32f4xx_hal_rcc.o(i.HAL_RCC_GetPCLK2Freq)
    HAL_RCC_GetSysClockFreq                  0x080016b9   Thumb Code   162  stm32f4xx_hal_rcc.o(i.HAL_RCC_GetSysClockFreq)
    HAL_RCC_OscConfig                        0x08001769   Thumb Code  1086  stm32f4xx_hal_rcc.o(i.HAL_RCC_OscConfig)
    HAL_SYSTICK_CLKSourceConfig              0x08001bb1   Thumb Code    40  stm32f4xx_hal_cortex.o(i.HAL_SYSTICK_CLKSourceConfig)
    HAL_SYSTICK_Callback                     0x08001bd9   Thumb Code     2  stm32f4xx_hal_cortex.o(i.HAL_SYSTICK_Callback)
    HAL_SYSTICK_Config                       0x08001bdb   Thumb Code    52  stm32f4xx_hal_cortex.o(i.HAL_SYSTICK_Config)
    HAL_SYSTICK_IRQHandler                   0x08001c0f   Thumb Code     8  stm32f4xx_hal_cortex.o(i.HAL_SYSTICK_IRQHandler)
    HAL_TIMEx_BreakCallback                  0x08001c17   Thumb Code     2  stm32f4xx_hal_tim_ex.o(i.HAL_TIMEx_BreakCallback)
    HAL_TIMEx_CommutationCallback            0x08001c19   Thumb Code     2  stm32f4xx_hal_tim_ex.o(i.HAL_TIMEx_CommutationCallback)
    HAL_TIMEx_MasterConfigSynchronization    0x08001c1b   Thumb Code    98  stm32f4xx_hal_tim_ex.o(i.HAL_TIMEx_MasterConfigSynchronization)
    HAL_TIM_Base_Init                        0x08001c7d   Thumb Code    52  stm32f4xx_hal_tim.o(i.HAL_TIM_Base_Init)
    HAL_TIM_Base_MspInit                     0x08001cb1   Thumb Code    44  tim.o(i.HAL_TIM_Base_MspInit)
    HAL_TIM_Base_Start_IT                    0x08001ce5   Thumb Code    30  stm32f4xx_hal_tim.o(i.HAL_TIM_Base_Start_IT)
    HAL_TIM_IC_CaptureCallback               0x08001d03   Thumb Code     2  stm32f4xx_hal_tim.o(i.HAL_TIM_IC_CaptureCallback)
    HAL_TIM_IRQHandler                       0x08001d05   Thumb Code   406  stm32f4xx_hal_tim.o(i.HAL_TIM_IRQHandler)
    HAL_TIM_OC_DelayElapsedCallback          0x08001e9b   Thumb Code     2  stm32f4xx_hal_tim.o(i.HAL_TIM_OC_DelayElapsedCallback)
    HAL_TIM_PWM_PulseFinishedCallback        0x08001e9d   Thumb Code     2  stm32f4xx_hal_tim.o(i.HAL_TIM_PWM_PulseFinishedCallback)
    HAL_TIM_PeriodElapsedCallback            0x08001e9f   Thumb Code     2  stm32f4xx_hal_tim.o(i.HAL_TIM_PeriodElapsedCallback)
    HAL_TIM_TriggerCallback                  0x08001ea1   Thumb Code     2  stm32f4xx_hal_tim.o(i.HAL_TIM_TriggerCallback)
    HAL_UART_ErrorCallback                   0x08001ea3   Thumb Code     2  stm32f4xx_hal_uart.o(i.HAL_UART_ErrorCallback)
    HAL_UART_IRQHandler                      0x08001ea5   Thumb Code   326  stm32f4xx_hal_uart.o(i.HAL_UART_IRQHandler)
    HAL_UART_Init                            0x08001ff1   Thumb Code   114  stm32f4xx_hal_uart.o(i.HAL_UART_Init)
    HAL_UART_MspInit                         0x08002065   Thumb Code   154  usart.o(i.HAL_UART_MspInit)
    HAL_UART_Receive_IT                      0x08002111   Thumb Code   100  stm32f4xx_hal_uart.o(i.HAL_UART_Receive_IT)
    HAL_UART_RxCpltCallback                  0x08002175   Thumb Code     2  stm32f4xx_hal_uart.o(i.HAL_UART_RxCpltCallback)
    HAL_UART_Transmit                        0x08002177   Thumb Code   214  stm32f4xx_hal_uart.o(i.HAL_UART_Transmit)
    HAL_UART_TxCpltCallback                  0x0800224d   Thumb Code     2  stm32f4xx_hal_uart.o(i.HAL_UART_TxCpltCallback)
    HardFault_Handler                        0x0800224f   Thumb Code     4  stm32f4xx_it.o(i.HardFault_Handler)
    IIC_Ack                                  0x08002255   Thumb Code    66  myiic.o(i.IIC_Ack)
    IIC_DelayUS                              0x080022a5   Thumb Code    28  myiic.o(i.IIC_DelayUS)
    IIC_Read_Byte                            0x080022c1   Thumb Code    88  myiic.o(i.IIC_Read_Byte)
    IIC_Send_Byte                            0x08002325   Thumb Code    90  myiic.o(i.IIC_Send_Byte)
    IIC_Start                                0x0800238d   Thumb Code    70  myiic.o(i.IIC_Start)
    IIC_Stop                                 0x080023e1   Thumb Code    68  myiic.o(i.IIC_Stop)
    IIC_Wait_Ack                             0x08002431   Thumb Code    84  myiic.o(i.IIC_Wait_Ack)
    MX_GPIO_Init                             0x08002491   Thumb Code   316  gpio.o(i.MX_GPIO_Init)
    MX_TIM6_Init                             0x0800260d   Thumb Code    64  tim.o(i.MX_TIM6_Init)
    MX_USART1_UART_Init                      0x08002665   Thumb Code    50  usart.o(i.MX_USART1_UART_Init)
    MX_USART2_UART_Init                      0x080026b1   Thumb Code    50  usart.o(i.MX_USART2_UART_Init)
    MemManage_Handler                        0x080026fd   Thumb Code     4  stm32f4xx_it.o(i.MemManage_Handler)
    NMI_Handler                              0x08002701   Thumb Code     2  stm32f4xx_it.o(i.NMI_Handler)
    PendSV_Handler                           0x0800273d   Thumb Code     2  stm32f4xx_it.o(i.PendSV_Handler)
    SVC_Handler                              0x0800273f   Thumb Code     2  stm32f4xx_it.o(i.SVC_Handler)
    SysTick_Handler                          0x08002741   Thumb Code    12  stm32f4xx_it.o(i.SysTick_Handler)
    SystemClock_Config                       0x0800274d   Thumb Code   198  main.o(i.SystemClock_Config)
    SystemInit                               0x0800282d   Thumb Code    82  system_stm32f4xx.o(i.SystemInit)
    TIM6_DAC_IRQHandler                      0x08002891   Thumb Code   148  stm32f4xx_it.o(i.TIM6_DAC_IRQHandler)
    TIM_Base_SetConfig                       0x08002949   Thumb Code   184  stm32f4xx_hal_tim.o(i.TIM_Base_SetConfig)
    TaskDAC                                  0x08002a2d   Thumb Code    18  task.o(i.TaskDAC)
    TaskDebug                                0x08002a41   Thumb Code   458  task.o(i.TaskDebug)
    TaskInitVariable                         0x08002cc9   Thumb Code   104  task.o(i.TaskInitVariable)
    USART1_IRQHandler                        0x080032a9   Thumb Code    26  stm32f4xx_it.o(i.USART1_IRQHandler)
    USART2_IRQHandler                        0x080032cd   Thumb Code    10  stm32f4xx_it.o(i.USART2_IRQHandler)
    UsageFault_Handler                       0x080032dd   Thumb Code     4  stm32f4xx_it.o(i.UsageFault_Handler)
    WAVE_ADB_Init                            0x080032e1   Thumb Code    54  wave.o(i.WAVE_ADB_Init)
    WaveFunc                                 0x08003335   Thumb Code   288  wave.o(i.WaveFunc)
    _Error_Handler                           0x08003479   Thumb Code     4  main.o(i._Error_Handler)
    __0printf                                0x0800347d   Thumb Code    22  printfa.o(i.__0printf)
    __1printf                                0x0800347d   Thumb Code     0  printfa.o(i.__0printf)
    __2printf                                0x0800347d   Thumb Code     0  printfa.o(i.__0printf)
    __c89printf                              0x0800347d   Thumb Code     0  printfa.o(i.__0printf)
    printf                                   0x0800347d   Thumb Code     0  printfa.o(i.__0printf)
    __ARM_fpclassify                         0x0800349d   Thumb Code    48  fpclassify.o(i.__ARM_fpclassify)
    __hardfp_sin                             0x080034d1   Thumb Code   180  sin.o(i.__hardfp_sin)
    __ieee754_rem_pio2                       0x08003599   Thumb Code   938  rred.o(i.__ieee754_rem_pio2)
    __kernel_cos                             0x080039d1   Thumb Code   322  cos_i.o(i.__kernel_cos)
    __kernel_poly                            0x08003b41   Thumb Code   248  poly.o(i.__kernel_poly)
    __kernel_sin                             0x08003c39   Thumb Code   280  sin_i.o(i.__kernel_sin)
    __mathlib_dbl_infnan                     0x08003d69   Thumb Code    20  dunder.o(i.__mathlib_dbl_infnan)
    __mathlib_dbl_invalid                    0x08003d81   Thumb Code    24  dunder.o(i.__mathlib_dbl_invalid)
    __mathlib_dbl_underflow                  0x08003da1   Thumb Code    24  dunder.o(i.__mathlib_dbl_underflow)
    __scatterload_copy                       0x08003dc1   Thumb Code    14  handlers.o(i.__scatterload_copy)
    __scatterload_null                       0x08003dcf   Thumb Code     2  handlers.o(i.__scatterload_null)
    __scatterload_zeroinit                   0x08003dd1   Thumb Code    14  handlers.o(i.__scatterload_zeroinit)
    __set_errno                              0x08003de1   Thumb Code     6  errno.o(i.__set_errno)
    fabs                                     0x0800469f   Thumb Code    24  fabs.o(i.fabs)
    fputc                                    0x080046b9   Thumb Code    22  usart.o(i.fputc)
    main                                     0x080046d5   Thumb Code    68  main.o(i.main)
    AHBPrescTable                            0x0800472c   Data          16  system_stm32f4xx.o(.constdata)
    APBPrescTable                            0x0800473c   Data           8  system_stm32f4xx.o(.constdata)
    Region$$Table$$Base                      0x08004868   Number         0  anon$$obj.o(Region$$Table)
    Region$$Table$$Limit                     0x08004888   Number         0  anon$$obj.o(Region$$Table)
    SystemCoreClock                          0x20000000   Data           4  system_stm32f4xx.o(.data)
    uwTick                                   0x20000004   Data           4  stm32f4xx_hal.o(.data)
    uwTickPrio                               0x20000008   Data           4  stm32f4xx_hal.o(.data)
    uwTickFreq                               0x2000000c   Data           1  stm32f4xx_hal.o(.data)
    UART1_Rev                                0x2000000d   Data           1  main.o(.data)
    T6tick                                   0x20000010   Data           4  stm32f4xx_it.o(.data)
    T6_F5                                    0x20000014   Data           1  stm32f4xx_it.o(.data)
    T6_F10                                   0x20000015   Data           1  stm32f4xx_it.o(.data)
    T6_F50                                   0x20000016   Data           1  stm32f4xx_it.o(.data)
    T6_F100                                  0x20000017   Data           1  stm32f4xx_it.o(.data)
    T6_F1000                                 0x20000018   Data           1  stm32f4xx_it.o(.data)
    DA_OCB                                   0x20000020   Data          16  ad5722.o(.data)
    WAVE_ADB                                 0x20000048   Data          48  wave.o(.data)
    __stdout                                 0x20000080   Data           4  stdout.o(.data)
    htim6                                    0x20000088   Data          60  tim.o(.bss)
    huart1                                   0x200000c4   Data          64  usart.o(.bss)
    huart2                                   0x20000104   Data          64  usart.o(.bss)
    __initial_sp                             0x20000748   Data           0  startup_stm32f405xx.o(STACK)



==============================================================================

Memory Map of the image

  Image Entry point : 0x08000189

  Load Region LR_IROM1 (Base: 0x08000000, Size: 0x00004910, Max: 0x00100000, ABSOLUTE)

    Execution Region ER_IROM1 (Exec base: 0x08000000, Load base: 0x08000000, Size: 0x00004888, Max: 0x00100000, ABSOLUTE)

    Exec Addr    Load Addr    Size         Type   Attr      Idx    E Section Name        Object

    0x08000000   0x08000000   0x00000188   Data   RO            3    RESET               startup_stm32f405xx.o
    0x08000188   0x08000188   0x00000000   Code   RO         3143  * .ARM.Collect$$$$00000000  mc_w.l(entry.o)
    0x08000188   0x08000188   0x00000004   Code   RO         3455    .ARM.Collect$$$$00000001  mc_w.l(entry2.o)
    0x0800018c   0x0800018c   0x00000004   Code   RO         3458    .ARM.Collect$$$$00000004  mc_w.l(entry5.o)
    0x08000190   0x08000190   0x00000000   Code   RO         3460    .ARM.Collect$$$$00000008  mc_w.l(entry7b.o)
    0x08000190   0x08000190   0x00000000   Code   RO         3462    .ARM.Collect$$$$0000000A  mc_w.l(entry8b.o)
    0x08000190   0x08000190   0x00000008   Code   RO         3463    .ARM.Collect$$$$0000000B  mc_w.l(entry9a.o)
    0x08000198   0x08000198   0x00000000   Code   RO         3465    .ARM.Collect$$$$0000000D  mc_w.l(entry10a.o)
    0x08000198   0x08000198   0x00000000   Code   RO         3467    .ARM.Collect$$$$0000000F  mc_w.l(entry11a.o)
    0x08000198   0x08000198   0x00000004   Code   RO         3456    .ARM.Collect$$$$00002712  mc_w.l(entry2.o)
    0x0800019c   0x0800019c   0x00000024   Code   RO            4    .text               startup_stm32f405xx.o
    0x080001c0   0x080001c0   0x00000062   Code   RO         3146    .text               mc_w.l(uldiv.o)
    0x08000222   0x08000222   0x0000014e   Code   RO         3409    .text               mf_w.l(dadd.o)
    0x08000370   0x08000370   0x000000e4   Code   RO         3411    .text               mf_w.l(dmul.o)
    0x08000454   0x08000454   0x000000de   Code   RO         3413    .text               mf_w.l(ddiv.o)
    0x08000532   0x08000532   0x00000022   Code   RO         3417    .text               mf_w.l(dflti.o)
    0x08000554   0x08000554   0x0000001a   Code   RO         3419    .text               mf_w.l(dfltui.o)
    0x0800056e   0x0800056e   0x00000032   Code   RO         3421    .text               mf_w.l(dfixui.o)
    0x080005a0   0x080005a0   0x00000030   Code   RO         3423    .text               mf_w.l(cdcmple.o)
    0x080005d0   0x080005d0   0x00000030   Code   RO         3425    .text               mf_w.l(cdrcmple.o)
    0x08000600   0x08000600   0x0000002c   Code   RO         3470    .text               mc_w.l(uidiv.o)
    0x0800062c   0x0800062c   0x0000001e   Code   RO         3472    .text               mc_w.l(llshl.o)
    0x0800064a   0x0800064a   0x00000020   Code   RO         3474    .text               mc_w.l(llushr.o)
    0x0800066a   0x0800066a   0x00000024   Code   RO         3476    .text               mc_w.l(llsshr.o)
    0x0800068e   0x0800068e   0x00000000   Code   RO         3485    .text               mc_w.l(iusefp.o)
    0x0800068e   0x0800068e   0x000000ba   Code   RO         3486    .text               mf_w.l(depilogue.o)
    0x08000748   0x08000748   0x00000030   Code   RO         3488    .text               mf_w.l(dfixul.o)
    0x08000778   0x08000778   0x00000024   Code   RO         3500    .text               mc_w.l(init.o)
    0x0800079c   0x0800079c   0x0000003e   Code   RO         3502    .text               mf_w.l(dfixi.o)
    0x080007da   0x080007da   0x00000002   PAD
    0x080007dc   0x080007dc   0x0000001c   Code   RO         2781    i.AD5722_AlwaysLoadDAC  ad5722.o
    0x080007f8   0x080007f8   0x00000030   Code   RO         2782    i.AD5722_ClearOutValue  ad5722.o
    0x08000828   0x08000828   0x00000138   Code   RO         2783    i.AD5722_DataFormatTransfer  ad5722.o
    0x08000960   0x08000960   0x0000000c   Code   RO         2784    i.AD5722_Delay_ns   ad5722.o
    0x0800096c   0x0800096c   0x00000064   Code   RO         2785    i.AD5722_Init       ad5722.o
    0x080009d0   0x080009d0   0x0000002e   Code   RO         2786    i.AD5722_Output     ad5722.o
    0x080009fe   0x080009fe   0x0000001a   Code   RO         2787    i.AD5722_ReadBack   ad5722.o
    0x08000a18   0x08000a18   0x0000008c   Code   RO         2788    i.AD5722_ReadData   ad5722.o
    0x08000aa4   0x08000aa4   0x00000084   Code   RO         2789    i.AD5722_SendData   ad5722.o
    0x08000b28   0x08000b28   0x00000014   Code   RO         2790    i.AD5722_SetRange   ad5722.o
    0x08000b3c   0x08000b3c   0x00000018   Code   RO         2871    i.ADS1x15_Config    ads1115.o
    0x08000b54   0x08000b54   0x0000001c   Code   RO         2872    i.ADS1x15_Delay_ms  ads1115.o
    0x08000b70   0x08000b70   0x0000001a   Code   RO         2873    i.ADS1x15_GetValue  ads1115.o
    0x08000b8a   0x08000b8a   0x00000002   PAD
    0x08000b8c   0x08000b8c   0x00000094   Code   RO         2875    i.ADS1x15_ReadData  ads1115.o
    0x08000c20   0x08000c20   0x0000008c   Code   RO         2876    i.ADS1x15_WriteData  ads1115.o
    0x08000cac   0x08000cac   0x00000004   Code   RO         2631    i.BusFault_Handler  stm32f4xx_it.o
    0x08000cb0   0x08000cb0   0x00000404   Code   RO         3031    i.DealUART1Buff     protocol_1.o
    0x080010b4   0x080010b4   0x00000002   Code   RO         2632    i.DebugMon_Handler  stm32f4xx_it.o
    0x080010b6   0x080010b6   0x00000028   Code   RO         1977    i.HAL_DMA_Abort_IT  stm32f4xx_hal_dma.o
    0x080010de   0x080010de   0x00000002   PAD
    0x080010e0   0x080010e0   0x00000028   Code   RO          543    i.HAL_Delay         stm32f4xx_hal.o
    0x08001108   0x08001108   0x00000200   Code   RO          866    i.HAL_GPIO_Init     stm32f4xx_hal_gpio.o
    0x08001308   0x08001308   0x00000010   Code   RO          868    i.HAL_GPIO_ReadPin  stm32f4xx_hal_gpio.o
    0x08001318   0x08001318   0x00000008   Code   RO          869    i.HAL_GPIO_TogglePin  stm32f4xx_hal_gpio.o
    0x08001320   0x08001320   0x0000000c   Code   RO          870    i.HAL_GPIO_WritePin  stm32f4xx_hal_gpio.o
    0x0800132c   0x0800132c   0x0000000c   Code   RO          549    i.HAL_GetTick       stm32f4xx_hal.o
    0x08001338   0x08001338   0x00000018   Code   RO          553    i.HAL_IncTick       stm32f4xx_hal.o
    0x08001350   0x08001350   0x0000003c   Code   RO          554    i.HAL_Init          stm32f4xx_hal.o
    0x0800138c   0x0800138c   0x0000004c   Code   RO          555    i.HAL_InitTick      stm32f4xx_hal.o
    0x080013d8   0x080013d8   0x00000056   Code   RO         2485    i.HAL_MspInit       stm32f4xx_hal_msp.o
    0x0800142e   0x0800142e   0x0000001a   Code   RO         2323    i.HAL_NVIC_EnableIRQ  stm32f4xx_hal_cortex.o
    0x08001448   0x08001448   0x0000007c   Code   RO         2329    i.HAL_NVIC_SetPriority  stm32f4xx_hal_cortex.o
    0x080014c4   0x080014c4   0x00000028   Code   RO         2330    i.HAL_NVIC_SetPriorityGrouping  stm32f4xx_hal_cortex.o
    0x080014ec   0x080014ec   0x00000180   Code   RO          708    i.HAL_RCC_ClockConfig  stm32f4xx_hal_rcc.o
    0x0800166c   0x0800166c   0x0000000c   Code   RO          713    i.HAL_RCC_GetHCLKFreq  stm32f4xx_hal_rcc.o
    0x08001678   0x08001678   0x00000020   Code   RO          715    i.HAL_RCC_GetPCLK1Freq  stm32f4xx_hal_rcc.o
    0x08001698   0x08001698   0x00000020   Code   RO          716    i.HAL_RCC_GetPCLK2Freq  stm32f4xx_hal_rcc.o
    0x080016b8   0x080016b8   0x000000b0   Code   RO          717    i.HAL_RCC_GetSysClockFreq  stm32f4xx_hal_rcc.o
    0x08001768   0x08001768   0x00000448   Code   RO          720    i.HAL_RCC_OscConfig  stm32f4xx_hal_rcc.o
    0x08001bb0   0x08001bb0   0x00000028   Code   RO         2332    i.HAL_SYSTICK_CLKSourceConfig  stm32f4xx_hal_cortex.o
    0x08001bd8   0x08001bd8   0x00000002   Code   RO         2333    i.HAL_SYSTICK_Callback  stm32f4xx_hal_cortex.o
    0x08001bda   0x08001bda   0x00000034   Code   RO         2334    i.HAL_SYSTICK_Config  stm32f4xx_hal_cortex.o
    0x08001c0e   0x08001c0e   0x00000008   Code   RO         2335    i.HAL_SYSTICK_IRQHandler  stm32f4xx_hal_cortex.o
    0x08001c16   0x08001c16   0x00000002   Code   RO         2079    i.HAL_TIMEx_BreakCallback  stm32f4xx_hal_tim_ex.o
    0x08001c18   0x08001c18   0x00000002   Code   RO         2080    i.HAL_TIMEx_CommutationCallback  stm32f4xx_hal_tim_ex.o
    0x08001c1a   0x08001c1a   0x00000062   Code   RO         2096    i.HAL_TIMEx_MasterConfigSynchronization  stm32f4xx_hal_tim_ex.o
    0x08001c7c   0x08001c7c   0x00000034   Code   RO          949    i.HAL_TIM_Base_Init  stm32f4xx_hal_tim.o
    0x08001cb0   0x08001cb0   0x00000034   Code   RO         2590    i.HAL_TIM_Base_MspInit  tim.o
    0x08001ce4   0x08001ce4   0x0000001e   Code   RO          954    i.HAL_TIM_Base_Start_IT  stm32f4xx_hal_tim.o
    0x08001d02   0x08001d02   0x00000002   Code   RO          978    i.HAL_TIM_IC_CaptureCallback  stm32f4xx_hal_tim.o
    0x08001d04   0x08001d04   0x00000196   Code   RO          991    i.HAL_TIM_IRQHandler  stm32f4xx_hal_tim.o
    0x08001e9a   0x08001e9a   0x00000002   Code   RO          994    i.HAL_TIM_OC_DelayElapsedCallback  stm32f4xx_hal_tim.o
    0x08001e9c   0x08001e9c   0x00000002   Code   RO         1021    i.HAL_TIM_PWM_PulseFinishedCallback  stm32f4xx_hal_tim.o
    0x08001e9e   0x08001e9e   0x00000002   Code   RO         1028    i.HAL_TIM_PeriodElapsedCallback  stm32f4xx_hal_tim.o
    0x08001ea0   0x08001ea0   0x00000002   Code   RO         1032    i.HAL_TIM_TriggerCallback  stm32f4xx_hal_tim.o
    0x08001ea2   0x08001ea2   0x00000002   Code   RO         1663    i.HAL_UART_ErrorCallback  stm32f4xx_hal_uart.o
    0x08001ea4   0x08001ea4   0x0000014c   Code   RO         1666    i.HAL_UART_IRQHandler  stm32f4xx_hal_uart.o
    0x08001ff0   0x08001ff0   0x00000072   Code   RO         1667    i.HAL_UART_Init     stm32f4xx_hal_uart.o
    0x08002062   0x08002062   0x00000002   PAD
    0x08002064   0x08002064   0x000000ac   Code   RO         2728    i.HAL_UART_MspInit  usart.o
    0x08002110   0x08002110   0x00000064   Code   RO         1672    i.HAL_UART_Receive_IT  stm32f4xx_hal_uart.o
    0x08002174   0x08002174   0x00000002   Code   RO         1673    i.HAL_UART_RxCpltCallback  stm32f4xx_hal_uart.o
    0x08002176   0x08002176   0x000000d6   Code   RO         1675    i.HAL_UART_Transmit  stm32f4xx_hal_uart.o
    0x0800224c   0x0800224c   0x00000002   Code   RO         1678    i.HAL_UART_TxCpltCallback  stm32f4xx_hal_uart.o
    0x0800224e   0x0800224e   0x00000004   Code   RO         2633    i.HardFault_Handler  stm32f4xx_it.o
    0x08002252   0x08002252   0x00000002   PAD
    0x08002254   0x08002254   0x00000050   Code   RO         2931    i.IIC_Ack           myiic.o
    0x080022a4   0x080022a4   0x0000001c   Code   RO         2932    i.IIC_DelayUS       myiic.o
    0x080022c0   0x080022c0   0x00000064   Code   RO         2935    i.IIC_Read_Byte     myiic.o
    0x08002324   0x08002324   0x00000068   Code   RO         2936    i.IIC_Send_Byte     myiic.o
    0x0800238c   0x0800238c   0x00000054   Code   RO         2937    i.IIC_Start         myiic.o
    0x080023e0   0x080023e0   0x00000050   Code   RO         2938    i.IIC_Stop          myiic.o
    0x08002430   0x08002430   0x00000060   Code   RO         2939    i.IIC_Wait_Ack      myiic.o
    0x08002490   0x08002490   0x00000148   Code   RO         2458    i.MX_GPIO_Init      gpio.o
    0x080025d8   0x080025d8   0x00000034   Code   RO         2509    i.MX_NVIC_Init      main.o
    0x0800260c   0x0800260c   0x00000058   Code   RO         2591    i.MX_TIM6_Init      tim.o
    0x08002664   0x08002664   0x0000004c   Code   RO         2729    i.MX_USART1_UART_Init  usart.o
    0x080026b0   0x080026b0   0x0000004c   Code   RO         2730    i.MX_USART2_UART_Init  usart.o
    0x080026fc   0x080026fc   0x00000004   Code   RO         2634    i.MemManage_Handler  stm32f4xx_it.o
    0x08002700   0x08002700   0x00000002   Code   RO         2635    i.NMI_Handler       stm32f4xx_it.o
    0x08002702   0x08002702   0x00000002   PAD
    0x08002704   0x08002704   0x00000010   Code   RO         2336    i.NVIC_GetPriorityGrouping  stm32f4xx_hal_cortex.o
    0x08002714   0x08002714   0x00000028   Code   RO         2337    i.NVIC_SetPriority  stm32f4xx_hal_cortex.o
    0x0800273c   0x0800273c   0x00000002   Code   RO         2636    i.PendSV_Handler    stm32f4xx_it.o
    0x0800273e   0x0800273e   0x00000002   Code   RO         2637    i.SVC_Handler       stm32f4xx_it.o
    0x08002740   0x08002740   0x0000000c   Code   RO         2638    i.SysTick_Handler   stm32f4xx_it.o
    0x0800274c   0x0800274c   0x000000e0   Code   RO         2510    i.SystemClock_Config  main.o
    0x0800282c   0x0800282c   0x00000064   Code   RO           14    i.SystemInit        system_stm32f4xx.o
    0x08002890   0x08002890   0x000000b8   Code   RO         2639    i.TIM6_DAC_IRQHandler  stm32f4xx_it.o
    0x08002948   0x08002948   0x000000e4   Code   RO         1033    i.TIM_Base_SetConfig  stm32f4xx_hal_tim.o
    0x08002a2c   0x08002a2c   0x00000012   Code   RO         3092    i.TaskDAC           task.o
    0x08002a3e   0x08002a3e   0x00000002   PAD
    0x08002a40   0x08002a40   0x00000288   Code   RO         3093    i.TaskDebug         task.o
    0x08002cc8   0x08002cc8   0x000000b4   Code   RO         3095    i.TaskInitVariable  task.o
    0x08002d7c   0x08002d7c   0x00000014   Code   RO         1680    i.UART_DMAAbortOnError  stm32f4xx_hal_uart.o
    0x08002d90   0x08002d90   0x00000020   Code   RO         1690    i.UART_EndRxTransfer  stm32f4xx_hal_uart.o
    0x08002db0   0x08002db0   0x00000020   Code   RO         1691    i.UART_EndTransmit_IT  stm32f4xx_hal_uart.o
    0x08002dd0   0x08002dd0   0x0000009a   Code   RO         1693    i.UART_Receive_IT   stm32f4xx_hal_uart.o
    0x08002e6a   0x08002e6a   0x00000002   PAD
    0x08002e6c   0x08002e6c   0x00000368   Code   RO         1694    i.UART_SetConfig    stm32f4xx_hal_uart.o
    0x080031d4   0x080031d4   0x00000068   Code   RO         1695    i.UART_Transmit_IT  stm32f4xx_hal_uart.o
    0x0800323c   0x0800323c   0x0000006c   Code   RO         1696    i.UART_WaitOnFlagUntilTimeout  stm32f4xx_hal_uart.o
    0x080032a8   0x080032a8   0x00000024   Code   RO         2640    i.USART1_IRQHandler  stm32f4xx_it.o
    0x080032cc   0x080032cc   0x00000010   Code   RO         2641    i.USART2_IRQHandler  stm32f4xx_it.o
    0x080032dc   0x080032dc   0x00000004   Code   RO         2642    i.UsageFault_Handler  stm32f4xx_it.o
    0x080032e0   0x080032e0   0x00000054   Code   RO         3056    i.WAVE_ADB_Init     wave.o
    0x08003334   0x08003334   0x00000144   Code   RO         3057    i.WaveFunc          wave.o
    0x08003478   0x08003478   0x00000004   Code   RO         2511    i._Error_Handler    main.o
    0x0800347c   0x0800347c   0x00000020   Code   RO         3381    i.__0printf         mc_w.l(printfa.o)
    0x0800349c   0x0800349c   0x00000030   Code   RO         3496    i.__ARM_fpclassify  m_wm.l(fpclassify.o)
    0x080034cc   0x080034cc   0x00000004   PAD
    0x080034d0   0x080034d0   0x000000c8   Code   RO         3131    i.__hardfp_sin      m_wm.l(sin.o)
    0x08003598   0x08003598   0x00000438   Code   RO         3444    i.__ieee754_rem_pio2  m_wm.l(rred.o)
    0x080039d0   0x080039d0   0x00000170   Code   RO         3427    i.__kernel_cos      m_wm.l(cos_i.o)
    0x08003b40   0x08003b40   0x000000f8   Code   RO         3498    i.__kernel_poly     m_wm.l(poly.o)
    0x08003c38   0x08003c38   0x00000130   Code   RO         3449    i.__kernel_sin      m_wm.l(sin_i.o)
    0x08003d68   0x08003d68   0x00000014   Code   RO         3431    i.__mathlib_dbl_infnan  m_wm.l(dunder.o)
    0x08003d7c   0x08003d7c   0x00000004   PAD
    0x08003d80   0x08003d80   0x00000020   Code   RO         3433    i.__mathlib_dbl_invalid  m_wm.l(dunder.o)
    0x08003da0   0x08003da0   0x00000020   Code   RO         3436    i.__mathlib_dbl_underflow  m_wm.l(dunder.o)
    0x08003dc0   0x08003dc0   0x0000000e   Code   RO         3506    i.__scatterload_copy  mc_w.l(handlers.o)
    0x08003dce   0x08003dce   0x00000002   Code   RO         3507    i.__scatterload_null  mc_w.l(handlers.o)
    0x08003dd0   0x08003dd0   0x0000000e   Code   RO         3508    i.__scatterload_zeroinit  mc_w.l(handlers.o)
    0x08003dde   0x08003dde   0x00000002   PAD
    0x08003de0   0x08003de0   0x0000000c   Code   RO         3480    i.__set_errno       mc_w.l(errno.o)
    0x08003dec   0x08003dec   0x00000184   Code   RO         3388    i._fp_digits        mc_w.l(printfa.o)
    0x08003f70   0x08003f70   0x000006dc   Code   RO         3389    i._printf_core      mc_w.l(printfa.o)
    0x0800464c   0x0800464c   0x00000024   Code   RO         3390    i._printf_post_padding  mc_w.l(printfa.o)
    0x08004670   0x08004670   0x0000002e   Code   RO         3391    i._printf_pre_padding  mc_w.l(printfa.o)
    0x0800469e   0x0800469e   0x00000018   Code   RO         3492    i.fabs              m_wm.l(fabs.o)
    0x080046b6   0x080046b6   0x00000002   PAD
    0x080046b8   0x080046b8   0x0000001c   Code   RO         2731    i.fputc             usart.o
    0x080046d4   0x080046d4   0x00000058   Code   RO         2512    i.main              main.o
    0x0800472c   0x0800472c   0x00000018   Data   RO           15    .constdata          system_stm32f4xx.o
    0x08004744   0x08004744   0x00000004   PAD
    0x08004748   0x08004748   0x00000030   Data   RO         3428    .constdata          m_wm.l(cos_i.o)
    0x08004778   0x08004778   0x000000c8   Data   RO         3446    .constdata          m_wm.l(rred.o)
    0x08004840   0x08004840   0x00000028   Data   RO         3450    .constdata          m_wm.l(sin_i.o)
    0x08004868   0x08004868   0x00000020   Data   RO         3504    Region$$Table       anon$$obj.o


    Execution Region RW_IRAM1 (Exec base: 0x20000000, Load base: 0x08004888, Size: 0x00000748, Max: 0x00020000, ABSOLUTE)

    Exec Addr    Load Addr    Size         Type   Attr      Idx    E Section Name        Object

    0x20000000   0x08004888   0x00000004   Data   RW           16    .data               system_stm32f4xx.o
    0x20000004   0x0800488c   0x00000009   Data   RW          561    .data               stm32f4xx_hal.o
    0x2000000d   0x08004895   0x00000001   Data   RW         2513    .data               main.o
    0x2000000e   0x08004896   0x00000002   PAD
    0x20000010   0x08004898   0x00000009   Data   RW         2643    .data               stm32f4xx_it.o
    0x20000019   0x080048a1   0x00000007   PAD
    0x20000020   0x080048a8   0x00000010   Data   RW         2792    .data               ad5722.o
    0x20000030   0x080048b8   0x00000018   Data   RW         3032    .data               protocol_1.o
    0x20000048   0x080048d0   0x00000038   Data   RW         3058    .data               wave.o
    0x20000080   0x08004908   0x00000004   Data   RW         3469    .data               mc_w.l(stdout.o)
    0x20000084   0x0800490c   0x00000004   Data   RW         3481    .data               mc_w.l(errno.o)
    0x20000088        -       0x0000003c   Zero   RW         2592    .bss                tim.o
    0x200000c4        -       0x00000080   Zero   RW         2732    .bss                usart.o
    0x20000144   0x08004910   0x00000004   PAD
    0x20000148        -       0x00000600   Zero   RW            1    STACK               startup_stm32f405xx.o


==============================================================================

Image component sizes


      Code (inc. data)   RO Data    RW Data    ZI Data      Debug   Object Name

       864        100          0         16          0       8323   ad5722.o
       366         36          0          0          0       3266   ads1115.o
       328         12          0          0          0       1107   gpio.o
       368         46          0          1          0       5743   main.o
       572         78          0          0          0       4118   myiic.o
      1028        104          0         24          0       1340   protocol_1.o
        36          8        392          0       1536        864   startup_stm32f405xx.o
       212         36          0          9          0       4769   stm32f4xx_hal.o
       348         22          0          0          0      32901   stm32f4xx_hal_cortex.o
        40          0          0          0          0       1187   stm32f4xx_hal_dma.o
       548         46          0          0          0       3740   stm32f4xx_hal_gpio.o
        86          0          0          0          0        538   stm32f4xx_hal_msp.o
      1732         84          0          0          0       5736   stm32f4xx_hal_rcc.o
       726         44          0          0          0       6559   stm32f4xx_hal_tim.o
       102          0          0          0          0       2450   stm32f4xx_hal_tim_ex.o
      2088         14          0          0          0      10917   stm32f4xx_hal_uart.o
       272         52          0          9          0       6394   stm32f4xx_it.o
       100         18         24          4          0     632659   system_stm32f4xx.o
       846        266          0          0          0       1877   task.o
       140         32          0          0         60       1638   tim.o
       352         76          0          0        128       2939   usart.o
       408         66          0         56          0       2014   wave.o

    ----------------------------------------------------------------------
     11576       1140        452        128       1728     741079   Object Totals
         0          0         32          0          0          0   (incl. Generated)
        14          0          4          9          4          0   (incl. Padding)

    ----------------------------------------------------------------------

      Code (inc. data)   RO Data    RW Data    ZI Data      Debug   Library Member Name

       368         46         48          0          0        200   cos_i.o
        84         16          0          0          0        372   dunder.o
        24          0          0          0          0        124   fabs.o
        48          0          0          0          0        124   fpclassify.o
       248          0          0          0          0        152   poly.o
      1080        142        200          0          0        188   rred.o
       200         20          0          0          0        164   sin.o
       304         24         40          0          0        208   sin_i.o
         0          0          0          0          0          0   entry.o
         0          0          0          0          0          0   entry10a.o
         0          0          0          0          0          0   entry11a.o
         8          4          0          0          0          0   entry2.o
         4          0          0          0          0          0   entry5.o
         0          0          0          0          0          0   entry7b.o
         0          0          0          0          0          0   entry8b.o
         8          4          0          0          0          0   entry9a.o
        12          6          0          4          0         68   errno.o
        30          0          0          0          0          0   handlers.o
        36          8          0          0          0         68   init.o
         0          0          0          0          0          0   iusefp.o
        30          0          0          0          0         68   llshl.o
        36          0          0          0          0         68   llsshr.o
        32          0          0          0          0         68   llushr.o
      2258         90          0          0          0        452   printfa.o
         0          0          0          4          0          0   stdout.o
        44          0          0          0          0         80   uidiv.o
        98          0          0          0          0         92   uldiv.o
        48          0          0          0          0         68   cdcmple.o
        48          0          0          0          0         68   cdrcmple.o
       334          0          0          0          0        148   dadd.o
       222          0          0          0          0        100   ddiv.o
       186          0          0          0          0        176   depilogue.o
        62          0          0          0          0         80   dfixi.o
        50          0          0          0          0         76   dfixui.o
        48          0          0          0          0         68   dfixul.o
        34          0          0          0          0         76   dflti.o
        26          0          0          0          0         76   dfltui.o
       228          0          0          0          0         96   dmul.o

    ----------------------------------------------------------------------
      6252        360        288          8          0       3528   Library Totals
        14          0          0          0          0          0   (incl. Padding)

    ----------------------------------------------------------------------

      Code (inc. data)   RO Data    RW Data    ZI Data      Debug   Library Name

      2356        248        288          0          0       1532   m_wm.l
      2596        112          0          8          0        964   mc_w.l
      1286          0          0          0          0       1032   mf_w.l

    ----------------------------------------------------------------------
      6252        360        288          8          0       3528   Library Totals

    ----------------------------------------------------------------------

==============================================================================


      Code (inc. data)   RO Data    RW Data    ZI Data      Debug   

     17828       1500        740        136       1728     733071   Grand Totals
     17828       1500        740        136       1728     733071   ELF Image Totals
     17828       1500        740        136          0          0   ROM Totals

==============================================================================

    Total RO  Size (Code + RO Data)                18568 (  18.13kB)
    Total RW  Size (RW Data + ZI Data)              1864 (   1.82kB)
    Total ROM Size (Code + RO Data + RW Data)      18704 (  18.27kB)

==============================================================================

