<html>
<body>
<pre>
<h1>µVision Build Log</h1>
<h2>Tool Versions:</h2>
IDE-Version: ¦ÌVision V5.14.0.0
Copyright (C) 2015 ARM Ltd and ARM Germany GmbH. All rights reserved.
License Information: hongkai Li, home, LIC=65IBS-L4DZZ-UFXI2-9G71U-NC0LI-T1J53
 
Tool Versions:
Toolchain:       MDK-ARM Standard  Version: 5.14.0.0
Toolchain Path:  C:\Keil_v5\ARM\ARMCC\Bin
C Compiler:      Armcc.exe V5.05 update 1 (build 106)
Assembler:       Armasm.exe V5.05 update 1 (build 106)
Linker/Locator:  ArmLink.exe V5.05 update 1 (build 106)
Library Manager: ArmAr.exe V5.05 update 1 (build 106)
Hex Converter:   FromElf.exe V5.05 update 1 (build 106)
CPU DLL:         SARMCM3.DLL V5.14.0.0
Dialog DLL:      DCM.DLL V1.13.1.0
Target DLL:      Segger\JL2CM3.dll V2.99.13.0
Dialog DLL:      TCM.DLL V1.14.4.0
 
<h2>Project:</h2>
F:\Backup_Engineering\ipmc_driver\DriverPro\myProj.uvprojx
Project File Date:  05/23/2017

<h2>Output:</h2>
Build target 'myProj'
compiling main.c...
user\main.c(43): warning:  #177-D: variable "out" was declared but never referenced
        uint8_t out;
user\main.c: 1 warning, 0 errors
compiling stm32f4xx_can.c...
linking...
Program Size: Code=9784 RO-data=712 RW-data=56 ZI-data=1024  
FromELF: creating hex file...
".\Objects\myProj.axf" - 0 Error(s), 1 Warning(s).

<h2>Collection of Component include folders:</h2>
  F:\Backup_Engineering\ipmc_driver\DriverPro\RTE
  C:\Keil_v5\ARM\PACK\Keil\STM32F4xx_DFP\2.10.0

<h2>Collection of Component Files used:</h2>
</pre>
</body>
</html>
