###############################################################################
#
# IAR ELF Linker V8.22.2.15995/W32 for ARM                23/Apr/2018  00:12:33
# Copyright 2007-2018 IAR Systems AB.
#
#    Output file  =  
#        E:\MyData\IPMC Mesure and Control
#        Platform\Software\IPMC_Platform\EWARM\IPMC_Platform\Exe\IPMC_Platform.out
#    Map file     =  
#        E:\MyData\IPMC Mesure and Control
#        Platform\Software\IPMC_Platform\EWARM\IPMC_Platform\List\IPMC_Platform.map
#    Command line =  
#        -f C:\Users\YYH\AppData\Local\Temp\EW101C.tmp ("E:\MyData\IPMC Mesure
#        and Control
#        Platform\Software\IPMC_Platform\EWARM\IPMC_Platform\Obj\AD5722.o"
#        "E:\MyData\IPMC Mesure and Control
#        Platform\Software\IPMC_Platform\EWARM\IPMC_Platform\Obj\ADS1115.o"
#        "E:\MyData\IPMC Mesure and Control
#        Platform\Software\IPMC_Platform\EWARM\IPMC_Platform\Obj\gpio.o"
#        "E:\MyData\IPMC Mesure and Control
#        Platform\Software\IPMC_Platform\EWARM\IPMC_Platform\Obj\main.o"
#        "E:\MyData\IPMC Mesure and Control
#        Platform\Software\IPMC_Platform\EWARM\IPMC_Platform\Obj\myiic.o"
#        "E:\MyData\IPMC Mesure and Control
#        Platform\Software\IPMC_Platform\EWARM\IPMC_Platform\Obj\protocol.o"
#        "E:\MyData\IPMC Mesure and Control
#        Platform\Software\IPMC_Platform\EWARM\IPMC_Platform\Obj\startup_stm32f405xx.o"
#        "E:\MyData\IPMC Mesure and Control
#        Platform\Software\IPMC_Platform\EWARM\IPMC_Platform\Obj\stm32f4xx_hal.o"
#        "E:\MyData\IPMC Mesure and Control
#        Platform\Software\IPMC_Platform\EWARM\IPMC_Platform\Obj\stm32f4xx_hal_cortex.o"
#        "E:\MyData\IPMC Mesure and Control
#        Platform\Software\IPMC_Platform\EWARM\IPMC_Platform\Obj\stm32f4xx_hal_dma.o"
#        "E:\MyData\IPMC Mesure and Control
#        Platform\Software\IPMC_Platform\EWARM\IPMC_Platform\Obj\stm32f4xx_hal_dma_ex.o"
#        "E:\MyData\IPMC Mesure and Control
#        Platform\Software\IPMC_Platform\EWARM\IPMC_Platform\Obj\stm32f4xx_hal_flash.o"
#        "E:\MyData\IPMC Mesure and Control
#        Platform\Software\IPMC_Platform\EWARM\IPMC_Platform\Obj\stm32f4xx_hal_flash_ex.o"
#        "E:\MyData\IPMC Mesure and Control
#        Platform\Software\IPMC_Platform\EWARM\IPMC_Platform\Obj\stm32f4xx_hal_flash_ramfunc.o"
#        "E:\MyData\IPMC Mesure and Control
#        Platform\Software\IPMC_Platform\EWARM\IPMC_Platform\Obj\stm32f4xx_hal_gpio.o"
#        "E:\MyData\IPMC Mesure and Control
#        Platform\Software\IPMC_Platform\EWARM\IPMC_Platform\Obj\stm32f4xx_hal_msp.o"
#        "E:\MyData\IPMC Mesure and Control
#        Platform\Software\IPMC_Platform\EWARM\IPMC_Platform\Obj\stm32f4xx_hal_pwr.o"
#        "E:\MyData\IPMC Mesure and Control
#        Platform\Software\IPMC_Platform\EWARM\IPMC_Platform\Obj\stm32f4xx_hal_pwr_ex.o"
#        "E:\MyData\IPMC Mesure and Control
#        Platform\Software\IPMC_Platform\EWARM\IPMC_Platform\Obj\stm32f4xx_hal_rcc.o"
#        "E:\MyData\IPMC Mesure and Control
#        Platform\Software\IPMC_Platform\EWARM\IPMC_Platform\Obj\stm32f4xx_hal_rcc_ex.o"
#        "E:\MyData\IPMC Mesure and Control
#        Platform\Software\IPMC_Platform\EWARM\IPMC_Platform\Obj\stm32f4xx_hal_tim.o"
#        "E:\MyData\IPMC Mesure and Control
#        Platform\Software\IPMC_Platform\EWARM\IPMC_Platform\Obj\stm32f4xx_hal_tim_ex.o"
#        "E:\MyData\IPMC Mesure and Control
#        Platform\Software\IPMC_Platform\EWARM\IPMC_Platform\Obj\stm32f4xx_hal_uart.o"
#        "E:\MyData\IPMC Mesure and Control
#        Platform\Software\IPMC_Platform\EWARM\IPMC_Platform\Obj\stm32f4xx_it.o"
#        "E:\MyData\IPMC Mesure and Control
#        Platform\Software\IPMC_Platform\EWARM\IPMC_Platform\Obj\sys.o"
#        "E:\MyData\IPMC Mesure and Control
#        Platform\Software\IPMC_Platform\EWARM\IPMC_Platform\Obj\system_stm32f4xx.o"
#        "E:\MyData\IPMC Mesure and Control
#        Platform\Software\IPMC_Platform\EWARM\IPMC_Platform\Obj\task.o"
#        "E:\MyData\IPMC Mesure and Control
#        Platform\Software\IPMC_Platform\EWARM\IPMC_Platform\Obj\tim.o"
#        "E:\MyData\IPMC Mesure and Control
#        Platform\Software\IPMC_Platform\EWARM\IPMC_Platform\Obj\usart.o"
#        "E:\MyData\IPMC Mesure and Control
#        Platform\Software\IPMC_Platform\EWARM\IPMC_Platform\Obj\wave.o"
#        --redirect _Printf=_PrintfFull --redirect _Scanf=_ScanfFull -o
#        "E:\MyData\IPMC Mesure and Control
#        Platform\Software\IPMC_Platform\EWARM\IPMC_Platform\Exe\IPMC_Platform.out"
#        --map "E:\MyData\IPMC Mesure and Control
#        Platform\Software\IPMC_Platform\EWARM\IPMC_Platform\List\IPMC_Platform.map"
#        --config "E:\MyData\IPMC Mesure and Control
#        Platform\Software\IPMC_Platform\EWARM/stm32f405xx_flash.icf"
#        --semihosting --entry __iar_program_start "C:\Program Files (x86)\IAR
#        Systems\Embedded Workbench
#        8.0\arm\CMSIS\Lib\IAR\iar_cortexM4lf_math.a" --vfe --text_out locale)
#
###############################################################################

*******************************************************************************
*** RUNTIME MODEL ATTRIBUTES
***

CppFlavor       = *
__SystemLibrary = DLib
__dlib_version  = 6


*******************************************************************************
*** HEAP SELECTION
***

The basic heap was selected because no calls to memory allocation
functions were found in the application outside of system library
functions, and there are calls to deallocation functions in the
application.


*******************************************************************************
*** PLACEMENT SUMMARY
***

"A0":  place at 0x08000000 { ro section .intvec };
"P1":  place in [from 0x08000000 to 0x080fffff] { ro };
define block CSTACK with size = 1536, alignment = 8 { };
define block HEAP with size = 1K, alignment = 8 { };
"P2":  place in [from 0x20000000 to 0x2001ffff] {
          rw, block CSTACK, block HEAP };
initialize by copy { rw };

  Section            Kind        Address    Size  Object
  -------            ----        -------    ----  ------
"A0":                                      0x188
  .intvec            ro code  0x08000000   0x188  startup_stm32f405xx.o [1]
                            - 0x08000188   0x188

"P1":                                     0x55dc
  .text              ro code  0x08000188   0xf96  xprintffull.o [3]
  .text              ro code  0x0800111e    0x1e  xencoding_8859_1.o [3]
  .text              ro code  0x0800113c    0x74  xlocale_c.o [3]
  .text              ro code  0x080011b0    0x16  strchr.o [5]
  .text              ro code  0x080011c8    0x40  xfail_s.o [3]
  .text              ro code  0x08001208    0x36  strlen.o [5]
  .text              ro code  0x08001240    0x58  memchr.o [5]
  .text              ro code  0x08001298     0xa  xmbcurmax.o [3]
  .text              ro code  0x080012a4    0xa6  ABImemcpy.o [5]
  .text              ro code  0x0800134c   0x22e  I64DivMod.o [5]
  .text              ro code  0x0800157c   0x1a2  DblMul.o [4]
  .text              ro code  0x08001720    0x70  frexp.o [4]
  .text              ro code  0x08001790    0x2e  DblCmpLe.o [4]
  .text              ro code  0x080017c0    0x2e  DblCmpGe.o [4]
  .text              ro code  0x080017f0   0x13a  ldexp.o [4]
  .text              ro code  0x0800192c    0x3a  DblToS32.o [4]
  .text              ro code  0x08001968    0x22  S32ToDbl.o [4]
  .text              ro code  0x0800198c    0xe2  DblSub.o [4]
  .text              ro code  0x08001a70   0x246  DblDiv.o [4]
  .text              ro code  0x08001cb8    0x28  DblToU32.o [4]
  .text              ro code  0x08001ce0    0x1a  U32ToDbl.o [4]
  .text              ro code  0x08001cfa     0x6  abort.o [3]
  .text              ro code  0x08001d00     0x2  I64DivZer.o [5]
  .text              ro code  0x08001d04   0x178  DblAdd.o [4]
  .text              ro code  0x08001e7c    0x14  exit.o [6]
  .text              ro code  0x08001e90   0x818  protocol.o [1]
  .text              ro code  0x080026a8   0x7e8  stm32f4xx_hal_uart.o [1]
  .text              ro code  0x08002e90   0x158  usart.o [1]
  .text              ro code  0x08002fe8     0xc  stm32f4xx_hal.o [1]
  .text              ro code  0x08002ff4    0x28  stm32f4xx_hal_dma.o [1]
  .text              ro code  0x0800301c     0x2  stm32f4xx_hal_uart.o [1]
  .text              ro code  0x0800301e     0x2  stm32f4xx_hal_uart.o [1]
  .text              ro code  0x08003020     0x2  stm32f4xx_hal_uart.o [1]
  .text              ro code  0x08003024   0x228  stm32f4xx_hal_rcc.o [1]
  .text              ro code  0x0800324c   0x16a  main.o [1]
  .text              ro code  0x080033b8   0x27c  stm32f4xx_hal_gpio.o [1]
  .text              ro code  0x08003634    0x4c  stm32f4xx_hal.o [1]
  .text              ro code  0x08003680    0x40  stm32f4xx_hal.o [1]
  .text              ro code  0x080036c0   0x144  gpio.o [1]
  .text              ro code  0x08003804    0x88  tim.o [1]
  .text              ro code  0x0800388c   0x2e4  stm32f4xx_hal_tim.o [1]
  .text              ro code  0x08003b70   0x2e0  AD5722.o [1]
  .text              ro code  0x08003e50   0x1c0  task.o [1]
  .text              ro code  0x08004010   0x3c0  stm32f4xx_hal_rcc.o [1]
  .text              ro code  0x080043d0   0x176  stm32f4xx_hal_cortex.o [1]
  .text              ro code  0x08004546    0x5e  stm32f4xx_hal_msp.o [1]
  .text              ro code  0x080045a4    0x5a  stm32f4xx_hal_tim_ex.o [1]
  .text              ro code  0x080045fe     0x2  stm32f4xx_hal_tim.o [1]
  .text              ro code  0x08004600     0x2  stm32f4xx_hal_tim.o [1]
  .text              ro code  0x08004602     0x2  stm32f4xx_hal_tim.o [1]
  .text              ro code  0x08004604     0x2  stm32f4xx_hal_tim.o [1]
  .text              ro code  0x08004606     0x2  stm32f4xx_hal_tim_ex.o [1]
  .text              ro code  0x08004608     0x2  stm32f4xx_hal_tim.o [1]
  .text              ro code  0x0800460a     0x2  stm32f4xx_hal_tim_ex.o [1]
  .text              ro code  0x0800460c    0x28  stm32f4xx_hal.o [1]
  .text              ro code  0x08004634   0x314  wave.o [1]
  .text              ro code  0x08004948    0x28  printf.o [3]
  .text              ro code  0x08004970   0x18c  ADS1115.o [1]
  .text              ro code  0x08004afc    0x12  math_wrappers64.o [4]
  .text              ro code  0x08004b10   0x208  myiic.o [1]
  .text              ro code  0x08004d18   0x448  cos_sin64.o [4]
  .text              ro code  0x08005160   0x104  stm32f4xx_it.o [1]
  .text              ro code  0x08005264    0x18  stm32f4xx_hal.o [1]
  .text              ro code  0x0800527c    0x6c  system_stm32f4xx.o [1]
  .rodata            const    0x080052e8    0x50  main.o [1]
  .rodata            const    0x08005338    0x50  usart.o [1]
  .rodata            const    0x08005388    0x4c  tim.o [1]
  .text              ro code  0x080053d4    0x40  zero_init3.o [5]
  .text              ro code  0x08005414    0x38  packbits_init_single.o [5]
  .text              ro code  0x0800544c    0x28  data_init.o [5]
  .text              ro code  0x08005474    0x22  fpinit_M.o [4]
  .iar.init_table    const    0x08005498    0x20  - Linker created -
  .text              ro code  0x080054b8    0x1e  cmain.o [5]
  .text              ro code  0x080054d6     0x4  low_level_init.o [3]
  .text              ro code  0x080054da     0x4  exit.o [3]
  .text              ro code  0x080054e0     0xa  cexit.o [5]
  .rodata            const    0x080054ec    0x1c  task.o [1]
  .rodata            const    0x08005508    0x1c  task.o [1]
  .text              ro code  0x08005524    0x16  xprout.o [3]
  .text              ro code  0x0800553c     0xc  putchar.o [3]
  .rodata            const    0x08005548    0x10  system_stm32f4xx.o [1]
  .text              ro code  0x08005558    0x10  startup_stm32f405xx.o [1]
  .rodata            const    0x08005568     0xc  task.o [1]
  .rodata            const    0x08005574     0xc  task.o [1]
  .rodata            const    0x08005580     0xc  task.o [1]
  .rodata            const    0x0800558c     0xc  task.o [1]
  .text              ro code  0x08005598     0xc  cstartup_M.o [5]
  .rodata            const    0x080055a4     0x8  system_stm32f4xx.o [1]
  .rodata            const    0x080055ac     0x6  xlocale_c.o [3]
  .text              ro code  0x080055b2     0x4  startup_stm32f405xx.o [1]
  .text              ro code  0x080055b6     0x4  startup_stm32f405xx.o [1]
  .text              ro code  0x080055ba     0x4  startup_stm32f405xx.o [1]
  .text              ro code  0x080055be     0x4  startup_stm32f405xx.o [1]
  .text              ro code  0x080055c2     0x4  startup_stm32f405xx.o [1]
  .text              ro code  0x080055c6     0x4  startup_stm32f405xx.o [1]
  .text              ro code  0x080055ca     0x4  startup_stm32f405xx.o [1]
  .text              ro code  0x080055ce     0x4  startup_stm32f405xx.o [1]
  .text              ro code  0x080055d2     0x4  startup_stm32f405xx.o [1]
  .text              ro code  0x080055d6     0x4  startup_stm32f405xx.o [1]
  .text              ro code  0x080055da     0x4  startup_stm32f405xx.o [1]
  .text              ro code  0x080055de     0x4  startup_stm32f405xx.o [1]
  .text              ro code  0x080055e2     0x4  startup_stm32f405xx.o [1]
  .text              ro code  0x080055e6     0x4  startup_stm32f405xx.o [1]
  .text              ro code  0x080055ea     0x4  startup_stm32f405xx.o [1]
  .text              ro code  0x080055ee     0x4  startup_stm32f405xx.o [1]
  .text              ro code  0x080055f2     0x4  startup_stm32f405xx.o [1]
  .text              ro code  0x080055f6     0x4  startup_stm32f405xx.o [1]
  .text              ro code  0x080055fa     0x4  startup_stm32f405xx.o [1]
  .text              ro code  0x080055fe     0x4  startup_stm32f405xx.o [1]
  .text              ro code  0x08005602     0x4  startup_stm32f405xx.o [1]
  .text              ro code  0x08005606     0x4  startup_stm32f405xx.o [1]
  .text              ro code  0x0800560a     0x4  startup_stm32f405xx.o [1]
  .text              ro code  0x0800560e     0x4  startup_stm32f405xx.o [1]
  .text              ro code  0x08005612     0x4  startup_stm32f405xx.o [1]
  .text              ro code  0x08005616     0x4  startup_stm32f405xx.o [1]
  .text              ro code  0x0800561a     0x4  startup_stm32f405xx.o [1]
  .text              ro code  0x0800561e     0x4  startup_stm32f405xx.o [1]
  .text              ro code  0x08005622     0x4  startup_stm32f405xx.o [1]
  .text              ro code  0x08005626     0x4  startup_stm32f405xx.o [1]
  .text              ro code  0x0800562a     0x4  startup_stm32f405xx.o [1]
  .text              ro code  0x0800562e     0x4  startup_stm32f405xx.o [1]
  .text              ro code  0x08005632     0x4  startup_stm32f405xx.o [1]
  .text              ro code  0x08005636     0x4  startup_stm32f405xx.o [1]
  .text              ro code  0x0800563a     0x4  startup_stm32f405xx.o [1]
  .text              ro code  0x0800563e     0x4  startup_stm32f405xx.o [1]
  .text              ro code  0x08005642     0x4  startup_stm32f405xx.o [1]
  .text              ro code  0x08005646     0x4  startup_stm32f405xx.o [1]
  .text              ro code  0x0800564a     0x4  startup_stm32f405xx.o [1]
  .text              ro code  0x0800564e     0x4  startup_stm32f405xx.o [1]
  .text              ro code  0x08005652     0x4  startup_stm32f405xx.o [1]
  .text              ro code  0x08005656     0x4  startup_stm32f405xx.o [1]
  .text              ro code  0x0800565a     0x4  startup_stm32f405xx.o [1]
  .text              ro code  0x0800565e     0x4  startup_stm32f405xx.o [1]
  .text              ro code  0x08005662     0x4  startup_stm32f405xx.o [1]
  .text              ro code  0x08005666     0x4  startup_stm32f405xx.o [1]
  .text              ro code  0x0800566a     0x4  startup_stm32f405xx.o [1]
  .text              ro code  0x0800566e     0x4  startup_stm32f405xx.o [1]
  .text              ro code  0x08005672     0x4  startup_stm32f405xx.o [1]
  .text              ro code  0x08005676     0x4  startup_stm32f405xx.o [1]
  .text              ro code  0x0800567a     0x4  startup_stm32f405xx.o [1]
  .text              ro code  0x0800567e     0x4  startup_stm32f405xx.o [1]
  .text              ro code  0x08005682     0x4  startup_stm32f405xx.o [1]
  .text              ro code  0x08005686     0x4  startup_stm32f405xx.o [1]
  .text              ro code  0x0800568a     0x4  startup_stm32f405xx.o [1]
  .text              ro code  0x0800568e     0x4  startup_stm32f405xx.o [1]
  .text              ro code  0x08005692     0x4  startup_stm32f405xx.o [1]
  .text              ro code  0x08005696     0x4  startup_stm32f405xx.o [1]
  .text              ro code  0x0800569a     0x4  startup_stm32f405xx.o [1]
  .text              ro code  0x0800569e     0x4  startup_stm32f405xx.o [1]
  .text              ro code  0x080056a2     0x4  startup_stm32f405xx.o [1]
  .text              ro code  0x080056a6     0x4  startup_stm32f405xx.o [1]
  .text              ro code  0x080056aa     0x4  startup_stm32f405xx.o [1]
  .text              ro code  0x080056ae     0x4  startup_stm32f405xx.o [1]
  .text              ro code  0x080056b2     0x4  startup_stm32f405xx.o [1]
  .text              ro code  0x080056b6     0x4  startup_stm32f405xx.o [1]
  .text              ro code  0x080056ba     0x4  startup_stm32f405xx.o [1]
  .text              ro code  0x080056be     0x4  startup_stm32f405xx.o [1]
  .text              ro code  0x080056c2     0x4  startup_stm32f405xx.o [1]
  .text              ro code  0x080056c6     0x4  startup_stm32f405xx.o [1]
  .text              ro code  0x080056ca     0x4  startup_stm32f405xx.o [1]
  .text              ro code  0x080056ce     0x4  startup_stm32f405xx.o [1]
  .text              ro code  0x080056d2     0x4  startup_stm32f405xx.o [1]
  .text              ro code  0x080056d6     0x4  startup_stm32f405xx.o [1]
  .text              ro code  0x080056da     0x4  startup_stm32f405xx.o [1]
  .rodata            const    0x080056de     0x0  zero_init3.o [5]
  .rodata            const    0x080056de     0x0  packbits_init_single.o [5]
  Initializer bytes  const    0x080056de    0x86  <for P2-1>
                            - 0x08005764  0x55dc

"P2", part 1 of 3:                          0xe1
  P2-1                        0x20000000    0xe1  <Init block>
    .data            inited   0x20000000    0x10  AD5722.o [1]
    .data            inited   0x20000010     0x4  stm32f4xx_hal.o [1]
    .data            inited   0x20000014     0x4  system_stm32f4xx.o [1]
    .data            inited   0x20000018    0x38  xlocale_c.o [3]
    .data            inited   0x20000050    0x48  xlocale_c.o [3]
    .data            inited   0x20000098    0x48  xfiles.o [3]
    .data            inited   0x200000e0     0x1  stm32f4xx_hal.o [1]
                            - 0x200000e1    0xe1

"P2", part 2 of 3:                         0x294
  .bss               zero     0x200000e8   0x138  wave.o [1]
  .bss               zero     0x20000220    0x50  xfiles.o [3]
  .bss               zero     0x20000270    0x40  usart.o [1]
  .bss               zero     0x200002b0    0x40  usart.o [1]
  .bss               zero     0x200002f0    0x3c  tim.o [1]
  .bss               zero     0x2000032c    0x14  protocol.o [1]
  .bss               zero     0x20000340    0x10  ADS1115.o [1]
  .bss               zero     0x20000350     0x8  wave.o [1]
  .bss               zero     0x20000358     0x8  wave.o [1]
  .bss               zero     0x20000360     0x4  stm32f4xx_hal.o [1]
  .bss               zero     0x20000364     0x4  stm32f4xx_it.o [1]
  .bss               zero     0x20000368     0x4  xfail_s.o [3]
  .bss               zero     0x2000036c     0x1  main.o [1]
  .bss               zero     0x2000036d     0x1  protocol.o [1]
  .bss               zero     0x2000036e     0x1  protocol.o [1]
  .bss               zero     0x2000036f     0x1  protocol.o [1]
  .bss               zero     0x20000370     0x1  protocol.o [1]
  .bss               zero     0x20000371     0x1  task.o [1]
  .bss               zero     0x20000372     0x1  task.o [1]
  .bss               zero     0x20000373     0x1  task.o [1]
  .bss               zero     0x20000374     0x1  task.o [1]
  .bss               zero     0x20000375     0x1  task.o [1]
                            - 0x20000376   0x292

"P2", part 3 of 3:                         0x600
  CSTACK                      0x20000378   0x600  <Block>
    CSTACK           uninit   0x20000378   0x600  <Block tail>
                            - 0x20000978   0x600


*******************************************************************************
*** INIT TABLE
***

          Address     Size
          -------     ----
Zero (__iar_zero_init3)
    1 destination range, total size 0x28e:
          0x200000e8  0x28e

Copy/packbits (__iar_packbits_init_single3)
    1 source range, total size 0x86 (59% of destination):
          0x080056de   0x86
    1 destination range, total size 0xe1:
          0x20000000   0xe1



*******************************************************************************
*** MODULE SUMMARY
***

    Module                  ro code  ro data  rw data
    ------                  -------  -------  -------
E:\MyData\IPMC Mesure and Control Platform\Software\IPMC_Platform\EWARM\IPMC_Platform\Obj: [1]
    AD5722.o                    736        9       16
    ADS1115.o                   396                16
    gpio.o                      324
    main.o                      362       80        1
    myiic.o                     520
    protocol.o                2 072                24
    startup_stm32f405xx.o       708
    stm32f4xx_hal.o             216        3        9
    stm32f4xx_hal_cortex.o      374
    stm32f4xx_hal_dma.o          40
    stm32f4xx_hal_gpio.o        636
    stm32f4xx_hal_msp.o          94
    stm32f4xx_hal_rcc.o       1 512
    stm32f4xx_hal_tim.o         750
    stm32f4xx_hal_tim_ex.o       94
    stm32f4xx_hal_uart.o      2 030
    stm32f4xx_it.o              260                 4
    system_stm32f4xx.o          108       27        4
    task.o                      448      104        5
    tim.o                       136       76       60
    usart.o                     344       80      128
    wave.o                      788               328
    -------------------------------------------------
    Total:                   12 948      379      595

command line: [2]
    -------------------------------------------------
    Total:

dl7M_tlf.a: [3]
    abort.o                       6
    exit.o                        4
    low_level_init.o              4
    printf.o                     40
    putchar.o                    12
    xencoding_8859_1.o           30
    xfail_s.o                    64                 4
    xfiles.o                              43      152
    xlocale_c.o                 116       82      128
    xmbcurmax.o                  10
    xprintffull.o             3 990
    xprout.o                     22
    -------------------------------------------------
    Total:                    4 298      125      284

m7M_tls.a: [4]
    DblAdd.o                    376
    DblCmpGe.o                   46
    DblCmpLe.o                   46
    DblDiv.o                    582
    DblMul.o                    418
    DblSub.o                    226
    DblToS32.o                   58
    DblToU32.o                   40
    S32ToDbl.o                   34
    U32ToDbl.o                   26
    cos_sin64.o               1 096
    fpinit_M.o                   34
    frexp.o                     112
    ldexp.o                     314
    math_wrappers64.o            18
    -------------------------------------------------
    Total:                    3 426

rt7M_tl.a: [5]
    ABImemcpy.o                 166
    I64DivMod.o                 558
    I64DivZer.o                   2
    cexit.o                      10
    cmain.o                      30
    cstartup_M.o                 12
    data_init.o                  40
    memchr.o                     88
    packbits_init_single.o       56
    strchr.o                     22
    strlen.o                     54
    zero_init3.o                 64
    -------------------------------------------------
    Total:                    1 102

shb_l.a: [6]
    exit.o                       20
    -------------------------------------------------
    Total:                       20

    Gaps                         38        4        4
    Linker created                        32    1 536
-----------------------------------------------------
    Grand Total:             21 832      540    2 419


*******************************************************************************
*** ENTRY LIST
***

Entry                      Address   Size  Type      Object
-----                      -------   ----  ----      ------
.iar.init_table$$Base   0x08005498          --   Gb  - Linker created -
.iar.init_table$$Limit  0x080054b8          --   Gb  - Linker created -
?main                   0x080054b9         Code  Gb  cmain.o [5]
AD5722_AlwaysLoadDAC    0x08003b7b   0x18  Code  Gb  AD5722.o [1]
AD5722_DataFormatTransfer
                        0x08003c21   0xf4  Code  Gb  AD5722.o [1]
AD5722_Delay_ns         0x08003b71    0xa  Code  Gb  AD5722.o [1]
AD5722_Init             0x08003d61   0xb2  Code  Gb  AD5722.o [1]
AD5722_Output           0x08003d31   0x30  Code  Gb  AD5722.o [1]
AD5722_SendData         0x08003b93   0x8e  Code  Gb  AD5722.o [1]
AD5722_SetRange         0x08003d15   0x1c  Code  Gb  AD5722.o [1]
ADS1x15_Config          0x08004ac9   0x1a  Code  Gb  ADS1115.o [1]
ADS1x15_ReadData        0x08004a05   0xa6  Code  Gb  ADS1115.o [1]
ADS1x15_ReadLastValue   0x08004af1    0xc  Code  Gb  ADS1115.o [1]
ADS1x15_SelectChannel   0x08004ae3    0xe  Code  Gb  ADS1115.o [1]
ADS1x15_WriteData       0x08004971   0x94  Code  Gb  ADS1115.o [1]
ADS_Buff                0x20000340   0x10  Data  Gb  ADS1115.o [1]
AHBPrescTable           0x08005548   0x10  Data  Gb  system_stm32f4xx.o [1]
APBPrescTable           0x080055a4    0x8  Data  Gb  system_stm32f4xx.o [1]
BusFault_Handler        0x08005167    0x2  Code  Gb  stm32f4xx_it.o [1]
CGroup                  0x200000e8  0x138  Data  Gb  wave.o [1]
CSTACK$$Base            0x20000378          --   Gb  - Linker created -
CSTACK$$Limit           0x20000978          --   Gb  - Linker created -
CacheMore               0x08001141   0x24  Code  Lc  xlocale_c.o [3]
Channel_Group_Init      0x08004635    0xa  Code  Gb  wave.o [1]
DA_OCB                  0x20000000   0x10  Data  Gb  AD5722.o [1]
Data_anysis             0x08001ebb  0x6e6  Code  Gb  protocol.o [1]
DealUART1Buff           0x080025a1   0xe4  Code  Gb  protocol.o [1]
DealUART1Buff::channel  0x20000370    0x1  Data  Lc  protocol.o [1]
DealUART1Buff::cnt      0x2000036e    0x1  Data  Lc  protocol.o [1]
DealUART1Buff::head     0x2000036d    0x1  Data  Lc  protocol.o [1]
DealUART1Buff::len      0x2000036f    0x1  Data  Lc  protocol.o [1]
DebugMon_Handler        0x0800516d    0x2  Code  Gb  stm32f4xx_it.o [1]
HAL_DMA_Abort_IT        0x08002ff5   0x28  Code  Gb  stm32f4xx_hal_dma.o [1]
HAL_Delay               0x0800460d   0x28  Code  Wk  stm32f4xx_hal.o [1]
HAL_GPIO_Init           0x080033b9  0x21c  Code  Gb  stm32f4xx_hal_gpio.o [1]
HAL_GPIO_TogglePin      0x080035ef    0xc  Code  Gb  stm32f4xx_hal_gpio.o [1]
HAL_GPIO_WritePin       0x080035d5   0x1a  Code  Gb  stm32f4xx_hal_gpio.o [1]
HAL_GetTick             0x08002fe9    0xc  Code  Wk  stm32f4xx_hal.o [1]
HAL_IncTick             0x08005265   0x18  Code  Wk  stm32f4xx_hal.o [1]
HAL_Init                0x08003681   0x3a  Code  Gb  stm32f4xx_hal.o [1]
HAL_InitTick            0x08003635   0x4c  Code  Wk  stm32f4xx_hal.o [1]
HAL_MspInit             0x08004547   0x5e  Code  Gb  stm32f4xx_hal_msp.o [1]
HAL_NVIC_EnableIRQ      0x080044e1    0xe  Code  Gb  stm32f4xx_hal_cortex.o [1]
HAL_NVIC_SetPriority    0x080044b7   0x2a  Code  Gb  stm32f4xx_hal_cortex.o [1]
HAL_NVIC_SetPriorityGrouping
                        0x080044ab    0xc  Code  Gb  stm32f4xx_hal_cortex.o [1]
HAL_RCC_ClockConfig     0x08003025  0x14a  Code  Gb  stm32f4xx_hal_rcc.o [1]
HAL_RCC_GetHCLKFreq     0x0800316f    0x6  Code  Gb  stm32f4xx_hal_rcc.o [1]
HAL_RCC_GetPCLK1Freq    0x08003175   0x16  Code  Gb  stm32f4xx_hal_rcc.o [1]
HAL_RCC_GetPCLK2Freq    0x0800318b   0x16  Code  Gb  stm32f4xx_hal_rcc.o [1]
HAL_RCC_OscConfig       0x08004011  0x3c0  Code  Wk  stm32f4xx_hal_rcc.o [1]
HAL_SYSTICK_CLKSourceConfig
                        0x080044fb   0x20  Code  Gb  stm32f4xx_hal_cortex.o [1]
HAL_SYSTICK_Config      0x080044ef    0xc  Code  Gb  stm32f4xx_hal_cortex.o [1]
HAL_SYSTICK_IRQHandler  0x0800453d    0x8  Code  Gb  stm32f4xx_hal_cortex.o [1]
HAL_TIMEx_BreakCallback
                        0x08004607    0x2  Code  Wk  stm32f4xx_hal_tim_ex.o [1]
HAL_TIMEx_CommutationCallback
                        0x0800460b    0x2  Code  Wk  stm32f4xx_hal_tim_ex.o [1]
HAL_TIMEx_MasterConfigSynchronization
                        0x080045a5   0x5a  Code  Gb  stm32f4xx_hal_tim_ex.o [1]
HAL_TIM_Base_Init       0x0800388d   0x38  Code  Gb  stm32f4xx_hal_tim.o [1]
HAL_TIM_Base_MspInit    0x08003851   0x2a  Code  Gb  tim.o [1]
HAL_TIM_Base_Start_IT   0x080038c5   0x1e  Code  Gb  stm32f4xx_hal_tim.o [1]
HAL_TIM_IRQHandler      0x080038e3  0x176  Code  Gb  stm32f4xx_hal_tim.o [1]
HAL_UART_IRQHandler     0x08002865  0x14a  Code  Gb  stm32f4xx_hal_uart.o [1]
HAL_UART_Init           0x080026a9   0x76  Code  Gb  stm32f4xx_hal_uart.o [1]
HAL_UART_MspInit        0x08002f21   0x8e  Code  Gb  usart.o [1]
HAL_UART_Receive_IT     0x080027ff   0x66  Code  Gb  stm32f4xx_hal_uart.o [1]
HAL_UART_Transmit       0x0800271f   0xe0  Code  Gb  stm32f4xx_hal_uart.o [1]
HardFault_Handler       0x08005163    0x2  Code  Gb  stm32f4xx_it.o [1]
IIC_Ack                 0x08004c11   0x40  Code  Gb  myiic.o [1]
IIC_DelayUS             0x08004b11   0x1c  Code  Gb  myiic.o [1]
IIC_Read_Byte           0x08004caf   0x58  Code  Gb  myiic.o [1]
IIC_Send_Byte           0x08004c51   0x5e  Code  Gb  myiic.o [1]
IIC_Start               0x08004b2d   0x46  Code  Gb  myiic.o [1]
IIC_Stop                0x08004b73   0x46  Code  Gb  myiic.o [1]
IIC_Wait_Ack            0x08004bb9   0x58  Code  Gb  myiic.o [1]
LengthCal               0x08001e91   0x2a  Code  Gb  protocol.o [1]
LoadInt                 0x08000377   0x7a  Code  Lc  xprintffull.o [3]
MX_GPIO_Init            0x080036c1  0x144  Code  Gb  gpio.o [1]
MX_NVIC_Init            0x08003381   0x34  Code  Lc  main.o [1]
MX_TIM6_Init            0x08003805   0x4c  Code  Gb  tim.o [1]
MX_USART1_UART_Init     0x08002e91   0x48  Code  Gb  usart.o [1]
MX_USART2_UART_Init     0x08002ed9   0x48  Code  Gb  usart.o [1]
MemManage_Handler       0x08005165    0x2  Code  Gb  stm32f4xx_it.o [1]
NMI_Handler             0x08005161    0x2  Code  Gb  stm32f4xx_it.o [1]
NVIC_EnableIRQ          0x080043f7   0x16  Code  Lc  stm32f4xx_hal_cortex.o [1]
NVIC_EncodePriority     0x08004439   0x42  Code  Lc  stm32f4xx_hal_cortex.o [1]
NVIC_GetPriorityGrouping
                        0x080043ed    0xa  Code  Lc  stm32f4xx_hal_cortex.o [1]
NVIC_SetPriority        0x0800440d   0x2c  Code  Lc  stm32f4xx_hal_cortex.o [1]
NVIC_SetPriorityGrouping
                        0x080043d1   0x1c  Code  Lc  stm32f4xx_hal_cortex.o [1]
PendSV_Handler          0x0800516f    0x2  Code  Gb  stm32f4xx_it.o [1]
Region$$Table$$Base     0x08005498          --   Gb  - Linker created -
Region$$Table$$Limit    0x080054b8          --   Gb  - Linker created -
Rx1Buff                 0x2000032c   0x14  Data  Gb  protocol.o [1]
SVC_Handler             0x0800516b    0x2  Code  Gb  stm32f4xx_it.o [1]
SysTick_Config          0x0800447b   0x30  Code  Lc  stm32f4xx_hal_cortex.o [1]
SysTick_Handler         0x08005171    0xc  Code  Gb  stm32f4xx_it.o [1]
SystemClock_Config      0x08003297   0xc6  Code  Gb  main.o [1]
SystemCoreClock         0x20000014    0x4  Data  Gb  system_stm32f4xx.o [1]
SystemInit              0x0800527d   0x4c  Code  Gb  system_stm32f4xx.o [1]
T6tick                  0x20000364    0x4  Data  Gb  stm32f4xx_it.o [1]
TIM6_DAC_IRQHandler     0x080051b1   0x80  Code  Gb  stm32f4xx_it.o [1]
TIM_Base_SetConfig      0x08003a59   0xec  Code  Gb  stm32f4xx_hal_tim.o [1]
T_ADC                   0x20000372    0x1  Data  Gb  task.o [1]
T_DAC                   0x20000371    0x1  Data  Gb  task.o [1]
T_DEBUG                 0x20000374    0x1  Data  Gb  task.o [1]
T_ToPC                  0x20000373    0x1  Data  Gb  task.o [1]
TaskADC                 0x08003eb1   0x84  Code  Gb  task.o [1]
TaskADC::state          0x20000375    0x1  Data  Lc  task.o [1]
TaskDAC                 0x08003e9d   0x14  Code  Gb  task.o [1]
TaskDebug               0x08003f35   0x9e  Code  Gb  task.o [1]
TaskInitVariable        0x08003e51   0x4c  Code  Gb  task.o [1]
UART1_Rev               0x2000036c    0x1  Data  Gb  main.o [1]
UART_DMAAbortOnError    0x08002a41   0x16  Code  Lc  stm32f4xx_hal_uart.o [1]
UART_EndRxTransfer      0x08002a1d   0x20  Code  Lc  stm32f4xx_hal_uart.o [1]
UART_EndTransmit_IT     0x08002ac7   0x20  Code  Lc  stm32f4xx_hal_uart.o [1]
UART_Receive_IT         0x08002ae7   0xa2  Code  Lc  stm32f4xx_hal_uart.o [1]
UART_SetConfig          0x08002b89  0x2fc  Code  Lc  stm32f4xx_hal_uart.o [1]
UART_Transmit_IT        0x08002a59   0x6e  Code  Lc  stm32f4xx_hal_uart.o [1]
UART_WaitOnFlagUntilTimeout
                        0x080029af   0x6e  Code  Lc  stm32f4xx_hal_uart.o [1]
USART1_IRQHandler       0x0800517d   0x2a  Code  Gb  stm32f4xx_it.o [1]
USART2_IRQHandler       0x080051a7    0xa  Code  Gb  stm32f4xx_it.o [1]
UsageFault_Handler      0x08005169    0x2  Code  Gb  stm32f4xx_it.o [1]
WaveCLK0                0x20000350    0x8  Data  Gb  wave.o [1]
WaveCLK1                0x20000358    0x8  Data  Gb  wave.o [1]
WaveFunc                0x08004641  0x2e2  Code  Gb  wave.o [1]
_Encoding_8859_1_Mbrlen
                        0x08001131    0x2  Code  Gb  xencoding_8859_1.o [3]
_Encoding_8859_1_Wctomb
                        0x0800111f   0x12  Code  Gb  xencoding_8859_1.o [3]
_Error_Handler          0x080033b5    0x2  Code  Gb  main.o [1]
_GenldFull              0x08000df9  0x274  Code  Lc  xprintffull.o [3]
_LdtobFull              0x080009cd  0x3fe  Code  Lc  xprintffull.o [3]
_LitobFull              0x08000875  0x112  Code  Lc  xprintffull.o [3]
_Locale_lconv           0x20000018   0x38  Data  Lc  xlocale_c.o [3]
_PrintfFull             0x08000189  0x1d6  Code  Gb  xprintffull.o [3]
_Prout                  0x08005525   0x16  Code  Gb  xprout.o [3]
_PutcharsFull           0x0800106d   0x2e  Code  Lc  xprintffull.o [3]
_PutfldFull             0x080003f1  0x2d0  Code  Lc  xprintffull.o [3]
_PutstrFull             0x080007b7   0xbe  Code  Lc  xprintffull.o [3]
_PuttxtFull             0x080006c1   0xf6  Code  Lc  xprintffull.o [3]
__aeabi_cdcmple         0x08001791         Code  Gb  DblCmpLe.o [4]
__aeabi_cdrcmple        0x080017c1         Code  Gb  DblCmpGe.o [4]
__aeabi_d2iz            0x0800192d         Code  Gb  DblToS32.o [4]
__aeabi_d2uiz           0x08001cb9         Code  Gb  DblToU32.o [4]
__aeabi_dadd            0x08001d05         Code  Gb  DblAdd.o [4]
__aeabi_ddiv            0x08001a71         Code  Gb  DblDiv.o [4]
__aeabi_dmul            0x0800157d         Code  Gb  DblMul.o [4]
__aeabi_dsub            0x0800198d         Code  Gb  DblSub.o [4]
__aeabi_i2d             0x08001969         Code  Gb  S32ToDbl.o [4]
__aeabi_ldiv0           0x08001d01         Code  Gb  I64DivZer.o [5]
__aeabi_memcpy          0x080012a5         Code  Gb  ABImemcpy.o [5]
__aeabi_memcpy4         0x080012c5         Code  Gb  ABImemcpy.o [5]
__aeabi_memcpy8         0x080012c5         Code  Gb  ABImemcpy.o [5]
__aeabi_ui2d            0x08001ce1         Code  Gb  U32ToDbl.o [4]
__aeabi_uldivmod        0x0800134d         Code  Gb  I64DivMod.o [5]
__cmain                 0x080054b9         Code  Gb  cmain.o [5]
__exit                  0x08001e7d   0x14  Code  Gb  exit.o [6]
__iar_Fail_s            0x080011c9   0x1c  Code  Gb  xfail_s.o [3]
__iar_Mbcurmax          0x08001299    0xa  Code  Gb  xmbcurmax.o [3]
__iar_Memchr            0x08001241         Code  Gb  memchr.o [5]
__iar_Sin64             0x08004d19  0x3b2  Code  Lc  cos_sin64.o [4]
__iar_Stdout            0x20000098   0x48  Data  Gb  xfiles.o [3]
__iar_Strchr            0x080011b1         Code  Gb  strchr.o [5]
__iar_dadd              0x0800199d         Code  Gb  DblSub.o [4]
__iar_data_init3        0x0800544d   0x28  Code  Gb  data_init.o [5]
__iar_dsub              0x08001d15         Code  Gb  DblAdd.o [4]
__iar_dsubStart         0x08001d27         Code  Gb  DblAdd.o [4]
__iar_frexp             0x0800172d         Code  Gb  frexp.o [4]
__iar_frexpl            0x0800172d         Code  Gb  frexp.o [4]
__iar_globLocale        0x20000050   0x48  Data  Lc  xlocale_c.o [3]
__iar_global_Locale     0x0800113d    0x4  Code  Gb  xlocale_c.o [3]
__iar_init_vfp          0x08005475         Code  Gb  fpinit_M.o [4]
__iar_ldexp64           0x080017f1         Code  Gb  ldexp.o [4]
__iar_packbits_init_single3
                        0x08005415   0x38  Code  Gb  packbits_init_single.o [5]
__iar_program_start     0x08005599         Code  Gb  cstartup_M.o [5]
__iar_scalbln64         0x080017f1         Code  Gb  ldexp.o [4]
__iar_scalbn64          0x080017f1         Code  Gb  ldexp.o [4]
__iar_sin64             0x0800515d    0x4  Code  Gb  cos_sin64.o [4]
__iar_sin_medium        0x0800515d    0x4  Code  Gb  cos_sin64.o [4]
__iar_sin_medium64      0x0800515d    0x4  Code  Gb  cos_sin64.o [4]
__iar_sin_mediuml       0x0800515d    0x4  Code  Gb  cos_sin64.o [4]
__iar_softfp___iar_frexp64
                        0x08001721         Code  Gb  frexp.o [4]
__iar_softfp_frexp      0x08001721         Code  Gb  frexp.o [4]
__iar_softfp_frexpl     0x08001721         Code  Gb  frexp.o [4]
__iar_systems$$module {Abs}
                        0x00000001         Data  Gb  command line/config [2]
__iar_vfp_sin           0x08004b03    0xc  Code  Gb  math_wrappers64.o [4]
__iar_zero_init3        0x080053d5   0x40  Code  Gb  zero_init3.o [5]
__low_level_init        0x080054d7    0x4  Code  Gb  low_level_init.o [3]
__vector_table          0x08000000         Data  Gb  startup_stm32f405xx.o [1]
_call_main              0x080054c5         Code  Gb  cmain.o [5]
_exit                   0x080054e1         Code  Gb  cexit.o [5]
_gLocale_mblen          0x0800119d    0x4  Code  Gb  xlocale_c.o [3]
_gLocale_mblenInt       0x08001165   0x34  Code  Gb  xlocale_c.o [3]
_gLocale_wctomb         0x080011a1    0x4  Code  Gb  xlocale_c.o [3]
_gLocale_wctombInt      0x08001199    0x4  Code  Gb  xlocale_c.o [3]
_main                   0x080054d3         Code  Gb  cmain.o [5]
abort                   0x08001cfb    0x6  Code  Gb  abort.o [3]
exit                    0x080054db    0x4  Code  Gb  exit.o [3]
fputc                   0x08002faf   0x18  Code  Gb  usart.o [1]
htim6                   0x200002f0   0x3c  Data  Gb  tim.o [1]
huart1                  0x20000270   0x40  Data  Gb  usart.o [1]
huart2                  0x200002b0   0x40  Data  Gb  usart.o [1]
ldexp                   0x080017f1         Code  Gb  ldexp.o [4]
ldexpl                  0x080017f1         Code  Gb  ldexp.o [4]
localeconv              0x080011a5    0x4  Code  Gb  xlocale_c.o [3]
main                    0x0800324d   0x4a  Code  Gb  main.o [1]
memchr                  0x08001241         Code  Gb  memchr.o [5]
obuf                    0x20000220   0x50  Data  Lc  xfiles.o [3]
printf                  0x08004949   0x28  Code  Gb  printf.o [3]
putchar                 0x0800553d    0xc  Code  Gb  putchar.o [3]
scalbln                 0x080017f1         Code  Gb  ldexp.o [4]
scalblnl                0x080017f1         Code  Gb  ldexp.o [4]
scalbn                  0x080017f1         Code  Gb  ldexp.o [4]
scalbnl                 0x080017f1         Code  Gb  ldexp.o [4]
scale                   0x08000987   0x46  Code  Lc  xprintffull.o [3]
sec_hand                0x20000368    0x4  Data  Lc  xfail_s.o [3]
sin                     0x0800515d    0x4  Code  Gb  cos_sin64.o [4]
sinl                    0x0800515d    0x4  Code  Gb  cos_sin64.o [4]
strchr                  0x080011b1         Code  Gb  strchr.o [5]
strlen                  0x08001209         Code  Gb  strlen.o [5]
uwTick                  0x20000360    0x4  Data  Gb  stm32f4xx_hal.o [1]
uwTickFreq              0x200000e0    0x1  Data  Gb  stm32f4xx_hal.o [1]
uwTickPrio              0x20000010    0x4  Data  Gb  stm32f4xx_hal.o [1]


[1] = E:\MyData\IPMC Mesure and Control Platform\Software\IPMC_Platform\EWARM\IPMC_Platform\Obj
[2] = command line
[3] = dl7M_tlf.a
[4] = m7M_tls.a
[5] = rt7M_tl.a
[6] = shb_l.a

  21 832 bytes of readonly  code memory
     540 bytes of readonly  data memory
   2 419 bytes of readwrite data memory

Errors: none
Warnings: none
